// Jest Snapshot v1, https://goo.gl/fbAQLP

exports[`splitSentenceByMatch() should match mockData 1`] = `
Object {
  "head": "",
  "match": "",
  "tail": "",
}
`;

exports[`splitSentenceByMatch() should match mockData 2`] = `
Object {
  "head": "",
  "match": "",
  "tail": "",
}
`;

exports[`splitSentenceByMatch() should match mockData 3`] = `
Object {
  "head": "",
  "match": "",
  "tail": "",
}
`;

exports[`splitSentenceByMatch() should match mockData 4`] = `
Object {
  "head": "",
  "match": "",
  "tail": "",
}
`;

exports[`splitSentenceByMatch() should match mockData 5`] = `
Object {
  "head": "",
  "match": "",
  "tail": "",
}
`;

exports[`splitSentenceByMatch() should match mockData 6`] = `
Object {
  "head": "",
  "match": "",
  "tail": "",
}
`;

exports[`splitSentenceByMatch() should match mockData 7`] = `
Object {
  "head": "",
  "match": "",
  "tail": "",
}
`;

exports[`splitSentenceByMatch() should match mockData 8`] = `
Object {
  "head": "",
  "match": "",
  "tail": "",
}
`;

exports[`splitSentenceByMatch() should match mockData 9`] = `
Object {
  "head": "",
  "match": "",
  "tail": "",
}
`;

exports[`splitSentenceByMatch() should match mockData 10`] = `
Object {
  "head": "",
  "match": "",
  "tail": "",
}
`;

exports[`splitSentenceByMatch() should match mockData 11`] = `
Object {
  "head": "",
  "match": "",
  "tail": "",
}
`;

exports[`splitSentenceByMatch() should match mockData 12`] = `
Object {
  "head": "",
  "match": "",
  "tail": "",
}
`;

exports[`splitSentenceByMatch() should match mockData 13`] = `
Object {
  "head": "",
  "match": "",
  "tail": "",
}
`;

exports[`splitSentenceByMatch() should match mockData 14`] = `
Object {
  "head": "",
  "match": "",
  "tail": "",
}
`;

exports[`splitSentenceByMatch() should match mockData 15`] = `
Object {
  "head": "",
  "match": "",
  "tail": "",
}
`;

exports[`splitSentenceByMatch() should match mockData 16`] = `
Object {
  "head": "",
  "match": "",
  "tail": "",
}
`;

exports[`splitSentenceByMatch() should match mockData 17`] = `
Object {
  "head": "",
  "match": "",
  "tail": "",
}
`;

exports[`splitSentenceByMatch() should match mockData 18`] = `
Object {
  "head": "",
  "match": "",
  "tail": "",
}
`;

exports[`splitSentenceByMatch() should match mockData 19`] = `
Object {
  "head": "",
  "match": "",
  "tail": "",
}
`;

exports[`splitSentenceByMatch() should match mockData 20`] = `
Object {
  "head": "",
  "match": "",
  "tail": "",
}
`;

exports[`splitSentenceByMatch() should match mockData 21`] = `
Object {
  "head": "",
  "match": "",
  "tail": "",
}
`;

exports[`splitSentenceByMatch() should match mockData 22`] = `
Object {
  "head": "",
  "match": "",
  "tail": "",
}
`;

exports[`splitSentenceByMatch() should match mockData 23`] = `
Object {
  "head": "",
  "match": "",
  "tail": "",
}
`;

exports[`splitSentenceByMatch() should match mockData 24`] = `
Object {
  "head": "",
  "match": "",
  "tail": "",
}
`;

exports[`splitSentenceByMatch() should match mockData 25`] = `
Object {
  "head": "",
  "match": "",
  "tail": "",
}
`;

exports[`splitSentenceByMatch() should match mockData 26`] = `
Object {
  "head": "",
  "match": "",
  "tail": "",
}
`;

exports[`splitSentenceByMatch() should match mockData 27`] = `
Object {
  "head": "",
  "match": "",
  "tail": "",
}
`;

exports[`splitSentenceByMatch() should match mockData 28`] = `
Object {
  "head": "",
  "match": "",
  "tail": "",
}
`;

exports[`splitSentenceByMatch() should match mockData 29`] = `
Object {
  "head": "",
  "match": "",
  "tail": "",
}
`;

exports[`splitSentenceByMatch() should match mockData 30`] = `
Object {
  "head": "",
  "match": "",
  "tail": "",
}
`;

exports[`splitSentenceByMatch() should match mockData 31`] = `
Object {
  "head": "",
  "match": "",
  "tail": "",
}
`;

exports[`splitSentenceByMatch() should match mockData 32`] = `
Object {
  "head": "",
  "match": "",
  "tail": "",
}
`;

exports[`splitSentenceByMatch() should match mockData 33`] = `
Object {
  "head": "",
  "match": "",
  "tail": "",
}
`;

exports[`splitSentenceByMatch() should match mockData 34`] = `
Object {
  "head": "",
  "match": "",
  "tail": "",
}
`;

exports[`splitSentenceByMatch() should match mockData 35`] = `
Object {
  "head": "",
  "match": "",
  "tail": "",
}
`;

exports[`splitSentenceByMatch() should match mockData 36`] = `
Object {
  "head": "",
  "match": "",
  "tail": "",
}
`;

exports[`splitSentenceByMatch() should match mockData 37`] = `
Object {
  "head": "",
  "match": "",
  "tail": "",
}
`;

exports[`splitSentenceByMatch() should match mockData 38`] = `
Object {
  "head": "",
  "match": "",
  "tail": "",
}
`;

exports[`splitSentenceByMatch() should match mockData 39`] = `
Object {
  "head": "",
  "match": "",
  "tail": "",
}
`;

exports[`splitSentenceByMatch() should match mockData 40`] = `
Object {
  "head": "",
  "match": "",
  "tail": "",
}
`;

exports[`splitSentenceByMatch() should match mockData 41`] = `
Object {
  "head": "",
  "match": "",
  "tail": "",
}
`;

exports[`splitSentenceByMatch() should match mockData 42`] = `
Object {
  "head": "",
  "match": "",
  "tail": "",
}
`;

exports[`splitSentenceByMatch() should match mockData 43`] = `
Object {
  "head": "",
  "match": "",
  "tail": "",
}
`;

exports[`splitSentenceByMatch() should match mockData 44`] = `
Object {
  "head": "",
  "match": "",
  "tail": "",
}
`;

exports[`splitSentenceByMatch() should match mockData 45`] = `
Object {
  "head": "",
  "match": "",
  "tail": "",
}
`;

exports[`splitSentenceByMatch() should match mockData 46`] = `
Object {
  "head": "",
  "match": "",
  "tail": "",
}
`;

exports[`splitSentenceByMatch() should match mockData 47`] = `
Object {
  "head": "",
  "match": "",
  "tail": "",
}
`;

exports[`splitSentenceByMatch() should match mockData 48`] = `
Object {
  "head": "",
  "match": "",
  "tail": "",
}
`;

exports[`splitSentenceByMatch() should match mockData 49`] = `
Object {
  "head": "",
  "match": "",
  "tail": "",
}
`;

exports[`splitSentenceByMatch() should match mockData 50`] = `
Object {
  "head": "",
  "match": "",
  "tail": "",
}
`;

exports[`splitSentenceByMatch() should match mockData 51`] = `
Object {
  "head": "",
  "match": "",
  "tail": "",
}
`;

exports[`splitSentenceByMatch() should match mockData 52`] = `
Object {
  "head": "",
  "match": "",
  "tail": "",
}
`;

exports[`splitSentenceByMatch() should match mockData 53`] = `
Object {
  "head": "",
  "match": "",
  "tail": "",
}
`;

exports[`splitSentenceByMatch() should match mockData 54`] = `
Object {
  "head": "",
  "match": "",
  "tail": "",
}
`;

exports[`splitSentenceByMatch() should match mockData 55`] = `
Object {
  "head": "",
  "match": "",
  "tail": "",
}
`;

exports[`splitSentenceByMatch() should match mockData 56`] = `
Object {
  "head": "",
  "match": "",
  "tail": "",
}
`;

exports[`splitSentenceByMatch() should match mockData 57`] = `
Object {
  "head": "",
  "match": "",
  "tail": "",
}
`;

exports[`splitSentenceByMatch() should match mockData 58`] = `
Object {
  "head": "",
  "match": "",
  "tail": "",
}
`;

exports[`splitSentenceByMatch() should match mockData 59`] = `
Object {
  "head": "",
  "match": "",
  "tail": "",
}
`;

exports[`splitSentenceByMatch() should match mockData 60`] = `
Object {
  "head": "",
  "match": "",
  "tail": "",
}
`;

exports[`splitSentenceByMatch() should match mockData 61`] = `
Object {
  "head": "",
  "match": "",
  "tail": "",
}
`;

exports[`splitSentenceByMatch() should match mockData 62`] = `
Object {
  "head": "",
  "match": "",
  "tail": "",
}
`;

exports[`splitSentenceByMatch() should match mockData 63`] = `
Object {
  "head": "",
  "match": "",
  "tail": "",
}
`;

exports[`splitSentenceByMatch() should match mockData 64`] = `
Object {
  "head": "",
  "match": "",
  "tail": "",
}
`;

exports[`splitSentenceByMatch() should match mockData 65`] = `
Object {
  "head": "",
  "match": "",
  "tail": "",
}
`;

exports[`splitSentenceByMatch() should match mockData 66`] = `
Object {
  "head": "",
  "match": "",
  "tail": "",
}
`;

exports[`splitSentenceByMatch() should match mockData 67`] = `
Object {
  "head": "",
  "match": "",
  "tail": "",
}
`;

exports[`splitSentenceByMatch() should match mockData 68`] = `
Object {
  "head": "",
  "match": "",
  "tail": "",
}
`;

exports[`splitSentenceByMatch() should match mockData 69`] = `
Object {
  "head": "",
  "match": "",
  "tail": "",
}
`;

exports[`splitSentenceByMatch() should match mockData 70`] = `
Object {
  "head": "",
  "match": "",
  "tail": "",
}
`;

exports[`splitSentenceByMatch() should match mockData 71`] = `
Object {
  "head": "",
  "match": "",
  "tail": "",
}
`;

exports[`splitSentenceByMatch() should match mockData 72`] = `
Object {
  "head": "",
  "match": "",
  "tail": "",
}
`;

exports[`splitSentenceByMatch() should match mockData 73`] = `
Object {
  "head": "",
  "match": "",
  "tail": "",
}
`;

exports[`splitSentenceByMatch() should match mockData 74`] = `
Object {
  "head": "",
  "match": "",
  "tail": "",
}
`;

exports[`splitSentenceByMatch() should match mockData 75`] = `
Object {
  "head": "",
  "match": "",
  "tail": "",
}
`;

exports[`splitSentenceByMatch() should match mockData 76`] = `
Object {
  "head": "",
  "match": "",
  "tail": "",
}
`;

exports[`splitSentenceByMatch() should match mockData 77`] = `
Object {
  "head": "",
  "match": "",
  "tail": "",
}
`;

exports[`splitSentenceByMatch() should match mockData 78`] = `
Object {
  "head": "",
  "match": "",
  "tail": "",
}
`;

exports[`splitSentenceByMatch() should match mockData 79`] = `
Object {
  "head": "",
  "match": "",
  "tail": "",
}
`;

exports[`splitSentenceByMatch() should match mockData 80`] = `
Object {
  "head": "",
  "match": "",
  "tail": "",
}
`;

exports[`splitSentenceByMatch() should match mockData 81`] = `
Object {
  "head": "",
  "match": "",
  "tail": "",
}
`;

exports[`splitSentenceByMatch() should match mockData 82`] = `
Object {
  "head": "",
  "match": "",
  "tail": "",
}
`;

exports[`splitSentenceByMatch() should match mockData 83`] = `
Object {
  "head": "",
  "match": "",
  "tail": "",
}
`;

exports[`splitSentenceByMatch() should match mockData 84`] = `
Object {
  "head": "",
  "match": "",
  "tail": "",
}
`;

exports[`splitSentenceByMatch() should match mockData 85`] = `
Object {
  "head": "",
  "match": "",
  "tail": "",
}
`;

exports[`splitSentenceByMatch() should match mockData 86`] = `
Object {
  "head": "",
  "match": "",
  "tail": "",
}
`;

exports[`splitSentenceByMatch() should match mockData 87`] = `
Object {
  "head": "",
  "match": "",
  "tail": "",
}
`;

exports[`splitSentenceByMatch() should match mockData 88`] = `
Object {
  "head": "",
  "match": "",
  "tail": "",
}
`;

exports[`splitSentenceByMatch() should match mockData 89`] = `
Object {
  "head": "",
  "match": "",
  "tail": "",
}
`;

exports[`splitSentenceByMatch() should match mockData 90`] = `
Object {
  "head": "",
  "match": "",
  "tail": "",
}
`;

exports[`splitSentenceByMatch() should match mockData 91`] = `
Object {
  "head": "",
  "match": "",
  "tail": "",
}
`;

exports[`splitSentenceByMatch() should match mockData 92`] = `
Object {
  "head": "",
  "match": "",
  "tail": "",
}
`;

exports[`splitSentenceByMatch() should match mockData 93`] = `
Object {
  "head": "",
  "match": "",
  "tail": "",
}
`;

exports[`splitSentenceByMatch() should match mockData 94`] = `
Object {
  "head": "",
  "match": "",
  "tail": "",
}
`;

exports[`splitSentenceByMatch() should match mockData 95`] = `
Object {
  "head": "",
  "match": "",
  "tail": "",
}
`;

exports[`splitSentenceByMatch() should match mockData 96`] = `
Object {
  "head": "",
  "match": "",
  "tail": "",
}
`;

exports[`splitSentenceByMatch() should match mockData 97`] = `
Object {
  "head": "",
  "match": "",
  "tail": "",
}
`;

exports[`splitSentenceByMatch() should match mockData 98`] = `
Object {
  "head": "",
  "match": "",
  "tail": "",
}
`;

exports[`splitSentenceByMatch() should match mockData 99`] = `
Object {
  "head": "",
  "match": "",
  "tail": "",
}
`;

exports[`splitSentenceByMatch() should match mockData 100`] = `
Object {
  "head": "",
  "match": "",
  "tail": "",
}
`;

exports[`splitSentenceByMatch() should match mockData 101`] = `
Object {
  "head": "",
  "match": "",
  "tail": "",
}
`;

exports[`splitSentenceByMatch() should match mockData 102`] = `
Object {
  "head": "",
  "match": "",
  "tail": "",
}
`;

exports[`splitSentenceByMatch() should match mockData 103`] = `
Object {
  "head": "",
  "match": "",
  "tail": "",
}
`;

exports[`splitSentenceByMatch() should match mockData 104`] = `
Object {
  "head": "",
  "match": "",
  "tail": "",
}
`;

exports[`splitSentenceByMatch() should match mockData 105`] = `
Object {
  "head": "",
  "match": "",
  "tail": "",
}
`;

exports[`splitSentenceByMatch() should match mockData 106`] = `
Object {
  "head": "",
  "match": "",
  "tail": "",
}
`;

exports[`splitSentenceByMatch() should match mockData 107`] = `
Object {
  "head": "",
  "match": "",
  "tail": "",
}
`;

exports[`splitSentenceByMatch() should match mockData 108`] = `
Object {
  "head": "",
  "match": "",
  "tail": "",
}
`;

exports[`splitSentenceByMatch() should match mockData 109`] = `
Object {
  "head": "",
  "match": "",
  "tail": "",
}
`;

exports[`splitSentenceByMatch() should match mockData 110`] = `
Object {
  "head": "",
  "match": "",
  "tail": "",
}
`;

exports[`splitSentenceByMatch() should match mockData 111`] = `
Object {
  "head": "",
  "match": "",
  "tail": "",
}
`;

exports[`splitSentenceByMatch() should match mockData 112`] = `
Object {
  "head": "",
  "match": "",
  "tail": "",
}
`;

exports[`splitSentenceByMatch() should match mockData 113`] = `
Object {
  "head": "",
  "match": "",
  "tail": "",
}
`;

exports[`splitSentenceByMatch() should match mockData 114`] = `
Object {
  "head": "",
  "match": "",
  "tail": "",
}
`;

exports[`splitSentenceByMatch() should match testTables 1`] = `
Object {
  "head": "今月は",
  "match": "売上",
  "tail": "が落ちた",
}
`;

exports[`splitSentenceByMatch() should match testTables 2`] = `
Object {
  "head": "彼らがデートをしているのを見かけて",
  "match": "近々",
  "tail": "結婚するのってきいたんだ",
}
`;

exports[`splitSentenceByMatch() should match testTables 3`] = `
Object {
  "head": "まず始めに、",
  "match": "各",
  "tail": "チームの代表者を決めて下さい",
}
`;

exports[`splitSentenceByMatch() should match testTables 4`] = `
Object {
  "head": "胡瓜の浅",
  "match": "漬け",
  "tail": "ならありますよ",
}
`;

exports[`splitSentenceByMatch() should match testTables 5`] = `
Object {
  "head": "わたしは５",
  "match": "才",
  "tail": "です",
}
`;

exports[`splitSentenceByMatch() should match testTables 6`] = `
Object {
  "head": "フラミンゴがキスをする時、二羽の頭と首が",
  "match": "ハート形",
  "tail": "を描く",
}
`;

exports[`splitSentenceByMatch() should match testTables 7`] = `
Object {
  "head": "彼は",
  "match": "フランス人",
  "tail": "です",
}
`;

exports[`splitSentenceByMatch() should match testTables 8`] = `
Object {
  "head": "約１年半で約億通の",
  "match": "迷惑メール",
  "tail": "を送りました",
}
`;

exports[`splitSentenceByMatch() should match testTables 9`] = `
Object {
  "head": "",
  "match": "烏龍茶",
  "tail": "を氷抜きでください",
}
`;

exports[`splitSentenceByMatch() should match testTables 10`] = `
Object {
  "head": "ああ、この",
  "match": "缶ビール",
  "tail": "はマジでうますぎる",
}
`;

exports[`splitSentenceByMatch() should match testTables 11`] = `
Object {
  "head": "「あの、かりんさん...、",
  "match": "そろそろ",
  "tail": "お開きにしませんか？」「駄目、勝ち逃げ禁止！今度こそボクが勝つの！」",
}
`;

exports[`splitSentenceByMatch() should match testTables 12`] = `
Object {
  "head": "",
  "match": "マンコ",
  "tail": "いいな〜",
}
`;

exports[`splitSentenceByMatch() should match testTables 13`] = `
Object {
  "head": "この「オンボード」というのは平たく言えば「グラフィックカードが",
  "match": "つ",
  "tail": "いていない」ものだ",
}
`;
