// Jest Snapshot v1, https://goo.gl/fbAQLP

exports[`<Container /> should match baseline snapshot 1`] = `
<Container
  alignContent=""
  alignItems=""
  alignSelf=""
  flex=""
  flexCenter={false}
  flexColumn={false}
  flexDisplay=""
  flexRow={false}
  flexWrap={false}
  justifyContent=""
  marginTop=""
  textAlign=""
  withPadding={true}
>
  <styled.div
    alignContent=""
    alignItems=""
    alignSelf=""
    flex=""
    flexCenter={false}
    flexColumn={false}
    flexDisplay=""
    flexRow={false}
    flexWrap={false}
    justifyContent=""
    marginTop=""
    textAlign=""
    withPadding={true}
  >
    <div
      className="sc-bdVaJa jidYGz"
    >
      text
    </div>
  </styled.div>
</Container>
`;
