// Jest Snapshot v1, https://goo.gl/fbAQLP

exports[`<Container /> should match baseline snapshot 1`] = `
<Container
  alignContent=""
  alignItems=""
  alignSelf=""
  flex=""
  flexCenter={false}
  flexColumn={false}
  flexDisplay=""
  flexRow={false}
  flexWrap={false}
  justifyContent=""
  marginTop=""
  tag="div"
  textAlign=""
  withPadding={true}
>
  <Styled(Component)
    alignContent=""
    alignItems=""
    alignSelf=""
    flex=""
    flexCenter={false}
    flexColumn={false}
    flexDisplay=""
    flexRow={false}
    flexWrap={false}
    justifyContent=""
    marginTop=""
    tag="div"
    textAlign=""
    withPadding={true}
  >
    <Component
      alignContent=""
      alignItems=""
      alignSelf=""
      className="iINiFg"
      flex=""
      flexCenter={false}
      flexColumn={false}
      flexDisplay=""
      flexRow={false}
      flexWrap={false}
      justifyContent=""
      marginTop=""
      tag="div"
      textAlign=""
      withPadding={true}
    >
      <div
        className="iINiFg"
      >
        text
      </div>
    </Component>
  </Styled(Component)>
</Container>
`;
