// Jest Snapshot v1, https://goo.gl/fbAQLP

exports[`<A /> should add appropriate attributes for an external link 1`] = `
<a
  class="sc-bwzfXH fSMIRv"
  href="http://google.com/"
  rel="external noopener noreferrer"
  target="_blank"
/>
`;

exports[`<A /> should match baseline snapshot 1`] = `
<styled.a
  href="http://google.com/"
  plainLink={true}
>
  <h1>
    child
  </h1>
</styled.a>
`;
