// Jest Snapshot v1, https://goo.gl/fbAQLP

exports[`<H3 /> should match styling snapshot 1`] = `
.giIvGF {
  font-size: 17.7px;
  -webkit-letter-spacing: -0.02em;
  -moz-letter-spacing: -0.02em;
  -ms-letter-spacing: -0.02em;
  letter-spacing: -0.02em;
  padding: 0.28125rem;
  margin-top: 0;
  margin-bottom: 0;
  line-height: 1.2;
  -webkit-letter-spacing: -1px;
  -moz-letter-spacing: -1px;
  -ms-letter-spacing: -1px;
  letter-spacing: -1px;
}

.giIvGF:not(:first-of-type) {
  margin-top: 0.3999em;
  margin-bottom: 0;
}

@media (min-width: 600px) and (max-width: 1800px) {
  .giIvGF {
    font-size: calc(17.7px + (24.9 - 17.7) * ( (100vw - 600px) / ( 1800 - 600) ));
  }
}

@media (min-width: 1800px) {
  .giIvGF {
    font-size: 24.9px;
  }
}

@media (min-width: 600px) {
  .giIvGF {
    padding: 0.33325rem;
  }
}

<h3
  className="sc-bdVaJa giIvGF"
>
  text
</h3>
`;
