// Jest Snapshot v1, https://goo.gl/fbAQLP

exports[`<H4 /> should match styling snapshot 1`] = `
.hFlIEo {
  font-size: 15.8px;
  padding: 0.28125rem;
  margin-top: 0;
  margin-bottom: 0;
  line-height: 1.2;
  -webkit-letter-spacing: -1px;
  -moz-letter-spacing: -1px;
  -ms-letter-spacing: -1px;
  letter-spacing: -1px;
}

.hFlIEo:not(:first-of-type) {
  margin-top: 0.3999em;
  margin-bottom: 0;
}

@media (min-width: 600px) and (max-width: 1800px) {
  .hFlIEo {
    font-size: calc(15.8px + (18.9 - 15.8) * ( (100vw - 600px) / ( 1800 - 600) ));
  }
}

@media (min-width: 1800px) {
  .hFlIEo {
    font-size: 18.9px;
  }
}

@media (min-width: 600px) {
  .hFlIEo {
    padding: 0.33325rem;
  }
}

<h4
  className="sc-bdVaJa hFlIEo"
>
  text
</h4>
`;
