// Jest Snapshot v1, https://goo.gl/fbAQLP

exports[`<ReviewPanel /> should match baseline snapshot 1`] = `
<styled.div>
  <HelmetWrapper
    encodeSpecialCharacters={true}
  >
    <title>
      Review Session
    </title>
    <meta
      content="Kaniwani Review Session"
      name="description"
    />
  </HelmetWrapper>
  <styled.section>
    <ReviewHeader
      percentComplete={25}
      percentCorrect={33}
      reviewsComplete={5}
      reviewsRemaining={20}
    />
    <ReviewQuestion
      meanings={
        Array [
          "confinement",
          "imprisonment",
          "incarceration",
          "confinement",
          "imprisonment",
          "incarceration",
          "confinement",
          "imprisonment",
          "incarceration",
        ]
      }
      tags={
        Array [
          "Noun",
          "Verb",
          "Noun",
          "Verb",
          "Noun",
          "Verb",
          "Common",
          "JLPT N1",
        ]
      }
    />
  </styled.section>
  <styled.section>
    <ReviewAnswer
      answer={
        Object {
          "correct": false,
          "incorrect": false,
          "marked": false,
          "text": "",
          "type": "",
          "valid": true,
        }
      }
      streak="APPRENTICE"
    />
    <ReviewInfo
      addSynonym={
        Object {
          "isActive": false,
        }
      }
      detailLevel="LOW"
      info={
        Object {
          "isActive": false,
        }
      }
      isDisabled={false}
      notes={
        Object {
          "isActive": false,
        }
      }
      reviewEntry={
        Object {
          "id": 12,
          "vocabulary": Object {
            "id": 553,
            "meanings": Array [
              "before long",
              "soon",
            ],
            "readings": Array [
              Object {
                "character": "近々",
                "common": true,
                "id": 582,
                "jlpt": "JLPT N2",
                "kana": "ちかぢか",
                "level": 7,
                "sentenceEn": "When I saw them on a date, I asked them, “Do I hear wedding bells?”",
                "sentenceJa": "彼らがデートをしているのを見かけて近々結婚するのってきいたんだ",
                "tags": Array [
                  "Noun",
                ],
              },
              Object {
                "character": "近々",
                "common": true,
                "id": 583,
                "jlpt": "JLPT N2",
                "kana": "きんきん",
                "level": 7,
                "sentenceEn": "When I saw them on a date, I asked them, “Do I hear wedding bells?”",
                "sentenceJa": "彼らがデートをしているのを見かけて近々結婚するのってきいたんだ",
                "tags": Array [
                  "Noun",
                ],
              },
              Object {
                "character": "近々",
                "common": true,
                "id": 584,
                "jlpt": "JLPT N2",
                "kana": "ちかじか",
                "level": 7,
                "sentenceEn": "When I saw them on a date, I asked them, “Do I hear wedding bells?”",
                "sentenceJa": "彼らがデートをしているのを見かけて近々結婚するのってきいたんだ",
                "tags": Array [
                  "Noun",
                ],
              },
            ],
          },
        }
      }
    />
    <styled.div />
  </styled.section>
</styled.div>
`;
