// Jest Snapshot v1, https://goo.gl/fbAQLP

exports[`<TagsList /> should match PARTS_OF_SPEECH constants 1`] = `
<styled.ul
  bgColor="grey"
  color="whiteLight"
>
  <styled.li
    bgColor="tan"
    color="blackLight"
  >
    <styled.span>
      JLPT N1
    </styled.span>
  </styled.li>
  <styled.li
    bgColor="tan"
    color="blackLight"
  >
    <styled.span>
      JLPT N2
    </styled.span>
  </styled.li>
  <styled.li
    bgColor="tan"
    color="blackLight"
  >
    <styled.span>
      JLPT N3
    </styled.span>
  </styled.li>
  <styled.li
    bgColor="tan"
    color="blackLight"
  >
    <styled.span>
      JLPT N4
    </styled.span>
  </styled.li>
  <styled.li
    bgColor="tan"
    color="blackLight"
  >
    <styled.span>
      JLPT N5
    </styled.span>
  </styled.li>
  <styled.li
    bgColor="blue"
    color="whiteLight"
  >
    <styled.span>
      Common
    </styled.span>
  </styled.li>
  <styled.li
    bgColor="grey"
    color="whiteLight"
  >
    <styled.span>
      Intransitive verb
    </styled.span>
  </styled.li>
  <styled.li
    bgColor="grey"
    color="whiteLight"
  >
    <styled.span>
      Godan verb
    </styled.span>
  </styled.li>
  <styled.li
    bgColor="grey"
    color="whiteLight"
  >
    <styled.span>
      Noun
    </styled.span>
  </styled.li>
  <styled.li
    bgColor="grey"
    color="whiteLight"
  >
    <styled.span>
      Suru verb
    </styled.span>
  </styled.li>
  <styled.li
    bgColor="grey"
    color="whiteLight"
  >
    <styled.span>
      Transitive verb
    </styled.span>
  </styled.li>
  <styled.li
    bgColor="grey"
    color="whiteLight"
  >
    <styled.span>
      Ichidan verb
    </styled.span>
  </styled.li>
  <styled.li
    bgColor="grey"
    color="whiteLight"
  >
    <styled.span>
      No adjective
    </styled.span>
  </styled.li>
  <styled.li
    bgColor="grey"
    color="whiteLight"
  >
    <styled.span>
      Na adjective
    </styled.span>
  </styled.li>
  <styled.li
    bgColor="grey"
    color="whiteLight"
  >
    <styled.span>
      Suffix
    </styled.span>
  </styled.li>
  <styled.li
    bgColor="grey"
    color="whiteLight"
  >
    <styled.span>
      I adjective
    </styled.span>
  </styled.li>
  <styled.li
    bgColor="grey"
    color="whiteLight"
  >
    <styled.span>
      Proper noun
    </styled.span>
  </styled.li>
  <styled.li
    bgColor="grey"
    color="whiteLight"
  >
    <styled.span>
      Adjective
    </styled.span>
  </styled.li>
  <styled.li
    bgColor="grey"
    color="whiteLight"
  >
    <styled.span>
      Pre-noun adjectival
    </styled.span>
  </styled.li>
  <styled.li
    bgColor="grey"
    color="whiteLight"
  >
    <styled.span>
      Adverb
    </styled.span>
  </styled.li>
  <styled.li
    bgColor="grey"
    color="whiteLight"
  >
    <styled.span>
      Numeral
    </styled.span>
  </styled.li>
  <styled.li
    bgColor="grey"
    color="whiteLight"
  >
    <styled.span>
      Expression
    </styled.span>
  </styled.li>
  <styled.li
    bgColor="grey"
    color="whiteLight"
  >
    <styled.span>
      Prefix
    </styled.span>
  </styled.li>
  <styled.li
    bgColor="grey"
    color="whiteLight"
  >
    <styled.span>
      Pronoun
    </styled.span>
  </styled.li>
  <styled.li
    bgColor="grey"
    color="whiteLight"
  >
    <styled.span>
      Counter
    </styled.span>
  </styled.li>
  <styled.li
    bgColor="grey"
    color="whiteLight"
  >
    <styled.span>
      Interjection
    </styled.span>
  </styled.li>
  <styled.li
    bgColor="grey"
    color="whiteLight"
  >
    <styled.span>
      Conjunction
    </styled.span>
  </styled.li>
  <styled.li
    bgColor="grey"
    color="whiteLight"
  >
    <styled.span>
      No-adjective
    </styled.span>
  </styled.li>
  <styled.li
    bgColor="grey"
    color="whiteLight"
  >
    <styled.span>
      Na-adjective
    </styled.span>
  </styled.li>
  <styled.li
    bgColor="grey"
    color="whiteLight"
  >
    <styled.span>
      Adverb taking the 'to' particle
    </styled.span>
  </styled.li>
  <styled.li
    bgColor="grey"
    color="whiteLight"
  >
    <styled.span>
      Noun - used as a suffix
    </styled.span>
  </styled.li>
  <styled.li
    bgColor="grey"
    color="whiteLight"
  >
    <styled.span>
      intransitive verb
    </styled.span>
  </styled.li>
  <styled.li
    bgColor="grey"
    color="whiteLight"
  >
    <styled.span>
      I-adjective
    </styled.span>
  </styled.li>
  <styled.li
    bgColor="grey"
    color="whiteLight"
  >
    <styled.span>
      Kuru verb - special class
    </styled.span>
  </styled.li>
  <styled.li
    bgColor="grey"
    color="whiteLight"
  >
    <styled.span>
      Full name
    </styled.span>
  </styled.li>
  <styled.li
    bgColor="grey"
    color="whiteLight"
  >
    <styled.span>
      Suru verb - irregular
    </styled.span>
  </styled.li>
  <styled.li
    bgColor="grey"
    color="whiteLight"
  >
    <styled.span>
      Noun - used as a prefix
    </styled.span>
  </styled.li>
  <styled.li
    bgColor="grey"
    color="whiteLight"
  >
    <styled.span>
      Noun - used as a suffix
    </styled.span>
  </styled.li>
  <styled.li
    bgColor="grey"
    color="whiteLight"
  >
    <styled.span>
      Adverbial noun
    </styled.span>
  </styled.li>
  <styled.li
    bgColor="grey"
    color="whiteLight"
  >
    <styled.span>
      Temporal noun
    </styled.span>
  </styled.li>
  <styled.li
    bgColor="grey"
    color="whiteLight"
  >
    <styled.span>
      Place
    </styled.span>
  </styled.li>
  <styled.li
    bgColor="grey"
    color="whiteLight"
  >
    <styled.span>
      Auxiliary verb
    </styled.span>
  </styled.li>
  <styled.li
    bgColor="grey"
    color="whiteLight"
  >
    <styled.span>
      Noun or verb acting prenominally
    </styled.span>
  </styled.li>
  <styled.li
    bgColor="grey"
    color="whiteLight"
  >
    <styled.span>
      Taru-adjective
    </styled.span>
  </styled.li>
  <styled.li
    bgColor="grey"
    color="whiteLight"
  >
    <styled.span>
      Godan verb with ru ending
    </styled.span>
  </styled.li>
  <styled.li
    bgColor="grey"
    color="whiteLight"
  >
    <styled.span>
      Godan verb with u ending
    </styled.span>
  </styled.li>
  <styled.li
    bgColor="grey"
    color="whiteLight"
  >
    <styled.span>
      Godan verb with ku ending
    </styled.span>
  </styled.li>
  <styled.li
    bgColor="grey"
    color="whiteLight"
  >
    <styled.span>
      Godan verb with su ending
    </styled.span>
  </styled.li>
  <styled.li
    bgColor="grey"
    color="whiteLight"
  >
    <styled.span>
      Godan verb with mu ending
    </styled.span>
  </styled.li>
  <styled.li
    bgColor="grey"
    color="whiteLight"
  >
    <styled.span>
      Godan verb with gu ending
    </styled.span>
  </styled.li>
</styled.ul>
`;

exports[`<TagsList /> should not render any children if no items provided 1`] = `
<styled.ul
  bgColor="grey"
  color="whiteLight"
/>
`;

exports[`<TagsList /> should set colors for common and jlpt tags 1`] = `
<styled.ul
  bgColor="grey"
  color="whiteLight"
>
  <styled.li
    bgColor="blue"
    color="whiteLight"
  >
    <styled.span>
      Common
    </styled.span>
  </styled.li>
  <styled.li
    bgColor="tan"
    color="blackLight"
  >
    <styled.span>
      JLPT N1
    </styled.span>
  </styled.li>
</styled.ul>
`;
