// Jest Snapshot v1, https://goo.gl/fbAQLP

exports[`<H2 /> should match styling snapshot 1`] = `
.TYBEs {
  font-size: 19.9px;
  -webkit-letter-spacing: -0.03em;
  -moz-letter-spacing: -0.03em;
  -ms-letter-spacing: -0.03em;
  letter-spacing: -0.03em;
  padding: 0.28125rem;
  margin-top: 0;
  margin-bottom: 0;
  line-height: 1.2;
  -webkit-letter-spacing: -1px;
  -moz-letter-spacing: -1px;
  -ms-letter-spacing: -1px;
  letter-spacing: -1px;
}

.TYBEs:not(:first-of-type) {
  margin-top: 0.3999em;
  margin-bottom: 0;
}

@media (min-width: 600px) and (max-width: 1800px) {
  .TYBEs {
    font-size: calc(19.9px + (33.2 - 19.9) * ( (100vw - 600px) / ( 1800 - 600) ));
  }
}

@media (min-width: 1800px) {
  .TYBEs {
    font-size: 33.2px;
  }
}

@media (min-width: 600px) {
  .TYBEs {
    padding: 0.33325rem;
  }
}

<h2
  className="sc-bdVaJa TYBEs"
>
  text
</h2>
`;
