// Jest Snapshot v1, https://goo.gl/fbAQLP

exports[`<Ul /> should adopt a plainList prop to reset list styles 1`] = `
<styled.ul
  plainList={true}
>
  <ul
    className="lmKKkx"
  />
</styled.ul>
`;

exports[`<Ul /> should match baseline snapshot 1`] = `
<ul
  className="ffrNXW"
/>
`;

exports[`<Ul /> should render children 1`] = `
<ul
  className="ffrNXW"
>
  <li>
    One
  </li>
  <li>
    Two
  </li>
</ul>
`;
