// Jest Snapshot v1, https://goo.gl/fbAQLP

exports[`<Wrapper /> should match baseline snapshot 1`] = `
.c0 {
  width: 100%;
  max-width: 1300px;
  margin-left: auto;
  margin-right: auto;
  padding-bottom: 4vh;
}

<PageWrapper
  fullWidth={false}
  fullWidthBg={false}
>
  <styled.div
    fullWidth={false}
    fullWidthBg={false}
  >
    <div
      className="c0"
    >
      text
    </div>
  </styled.div>
</PageWrapper>
`;
