// Jest Snapshot v1, https://goo.gl/fbAQLP

exports[`<SiteNav /> should match baseline snapshot 1`] = `
<header
  class="gvTVl"
>
  <nav
    class="jQXhUQ"
  >
    <a
      class="itPQbX"
      title="Return Home"
    >
      <image_mock
        class="cwMAua"
        height="100%"
        width="100%"
      />
    </a>
    <ul
      class="dRwhwG"
    >
      <li
        class="gNGOCT"
      >
        <a
          class="kTctJh kMmZKU"
        >
          <span
            class="NavLink__Text fYdmEi"
          >
            lessons
            <span
              class="dgrkVX"
            >
              0
            </span>
          </span>
        </a>
      </li>
      <li
        class="gNGOCT"
      >
        <a
          class="kTctJh kMmZKU"
        >
          <span
            class="NavLink__Text fYdmEi"
          >
            reviews
            <span
              class="dgrkVX"
            >
              0
            </span>
          </span>
        </a>
      </li>
      <li
        class="gNGOCT"
      >
        <a
          class="kTctJh kMmZKU"
        >
          <span
            class="NavLink__Text fYdmEi"
          >
            vocabulary
          </span>
        </a>
      </li>
      <li
        class="gNGOCT"
      >
        <a
          class="kTctJh kMmZKU"
        >
          <span
            class="NavLink__Text fYdmEi"
          >
            settings
          </span>
        </a>
      </li>
      <li
        class="gNGOCT"
      >
        <a
          class="kTctJh kMmZKU"
        >
          <span
            class="NavLink__Text fYdmEi"
          >
            about
          </span>
        </a>
      </li>
      <li
        class="gNGOCT"
      >
        <a
          class="kTctJh kMmZKU"
        >
          <span
            class="NavLink__Text fYdmEi"
          >
            logout
          </span>
        </a>
      </li>
    </ul>
    <div
      class="hNmmkN"
      id="offCanvasMenu"
    >
      <ul
        class="cyVEsf"
      />
    </div>
  </nav>
</header>
`;
