// Jest Snapshot v1, https://goo.gl/fbAQLP

exports[`<SiteHeader /> should match baseline snapshot 1`] = `
<header
  class="sc-gZMcBi frlyKr"
>
  <nav
    class="sc-gqjmRU mUhZH"
  >
    <a
      class="sc-bdVaJa bhRTrH"
      href="/"
      title="Return Home"
    >
      <image_mock
        class="sc-bwzfXH itbozR"
        height="100%"
        width="100%"
      />
    </a>
    <ul
      class="sc-bZQynM hRtPKZ"
    >
      <li
        class="sc-EHOje ibQBqg"
      >
        <a
          class="sc-ifAKCX kGWvaB"
          href="/lesson"
        >
          <span
            class="sc-htpNat eEEGMG"
          >
            lessons
            <span
              class="sc-bxivhb iEfeYG"
            >
              0
            </span>
          </span>
        </a>
      </li>
      <li
        class="sc-EHOje ibQBqg"
      >
        <a
          class="sc-ifAKCX kGWvaB"
          href="/review"
        >
          <span
            class="sc-htpNat eEEGMG"
          >
            reviews
            <span
              class="sc-bxivhb iEfeYG"
            >
              0
            </span>
          </span>
        </a>
      </li>
      <li
        class="sc-EHOje ibQBqg"
      >
        <a
          class="sc-ifAKCX kGWvaB"
          href="/vocabulary"
        >
          <span
            class="sc-htpNat eEEGMG"
          >
            vocabulary
          </span>
        </a>
      </li>
      <li
        class="sc-EHOje ibQBqg"
      >
        <a
          class="sc-ifAKCX kGWvaB"
          href="/settings"
        >
          <span
            class="sc-htpNat eEEGMG"
          >
            settings
          </span>
        </a>
      </li>
      <li
        class="sc-EHOje ibQBqg"
      >
        <a
          class="sc-ifAKCX kGWvaB"
          href="/about"
        >
          <span
            class="sc-htpNat eEEGMG"
          >
            about
          </span>
        </a>
      </li>
      <li
        class="sc-EHOje ibQBqg"
      >
        <a
          class="sc-ifAKCX kGWvaB"
          href="/logout"
        >
          <span
            class="sc-htpNat eEEGMG"
          >
            logout
          </span>
        </a>
      </li>
    </ul>
    <div
      class="sc-dnqmqq gvSxfF"
      id="offCanvasMenu"
    >
      <ul
        class="sc-iwsKbI TzgrY"
      />
    </div>
  </nav>
</header>
`;

exports[`<SiteNav /> should match baseline snapshot 1`] = `
<header
  class="sc-gZMcBi frlyKr"
>
  <nav
    class="sc-gqjmRU mUhZH"
  >
    <a
      class="sc-bdVaJa bhRTrH"
      href="/"
      title="Return Home"
    >
      <image_mock
        class="sc-bwzfXH itbozR"
        height="100%"
        width="100%"
      />
    </a>
    <ul
      class="sc-bZQynM hRtPKZ"
    >
      <li
        class="sc-EHOje ibQBqg"
      >
        <a
          class="sc-ifAKCX kGWvaB"
          href="/lesson"
        >
          <span
            class="sc-htpNat eEEGMG"
          >
            lessons
            <span
              class="sc-bxivhb iEfeYG"
            >
              0
            </span>
          </span>
        </a>
      </li>
      <li
        class="sc-EHOje ibQBqg"
      >
        <a
          class="sc-ifAKCX kGWvaB"
          href="/review"
        >
          <span
            class="sc-htpNat eEEGMG"
          >
            reviews
            <span
              class="sc-bxivhb iEfeYG"
            >
              0
            </span>
          </span>
        </a>
      </li>
      <li
        class="sc-EHOje ibQBqg"
      >
        <a
          class="sc-ifAKCX kGWvaB"
          href="/vocabulary"
        >
          <span
            class="sc-htpNat eEEGMG"
          >
            vocabulary
          </span>
        </a>
      </li>
      <li
        class="sc-EHOje ibQBqg"
      >
        <a
          class="sc-ifAKCX kGWvaB"
          href="/settings"
        >
          <span
            class="sc-htpNat eEEGMG"
          >
            settings
          </span>
        </a>
      </li>
      <li
        class="sc-EHOje ibQBqg"
      >
        <a
          class="sc-ifAKCX kGWvaB"
          href="/about"
        >
          <span
            class="sc-htpNat eEEGMG"
          >
            about
          </span>
        </a>
      </li>
      <li
        class="sc-EHOje ibQBqg"
      >
        <a
          class="sc-ifAKCX kGWvaB"
          href="/logout"
        >
          <span
            class="sc-htpNat eEEGMG"
          >
            logout
          </span>
        </a>
      </li>
    </ul>
    <div
      class="sc-dnqmqq gvSxfF"
      id="offCanvasMenu"
    >
      <ul
        class="sc-iwsKbI TzgrY"
      />
    </div>
  </nav>
</header>
`;
