// Jest Snapshot v1, https://goo.gl/fbAQLP

exports[`<H6 /> should match styling snapshot 1`] = `
.dPNdVQ {
  font-size: 15px;
  padding: 0.28125rem;
  margin-top: 0;
  margin-bottom: 0;
  line-height: 1.2;
  -webkit-letter-spacing: -1px;
  -moz-letter-spacing: -1px;
  -ms-letter-spacing: -1px;
  letter-spacing: -1px;
}

.dPNdVQ:not(:first-of-type) {
  margin-top: 0.3999em;
  margin-bottom: 0;
}

@media (min-width: 600px) and (max-width: 1800px) {
  .dPNdVQ {
    font-size: calc(15px + (16.6 - 15) * ( (100vw - 600px) / ( 1800 - 600) ));
  }
}

@media (min-width: 1800px) {
  .dPNdVQ {
    font-size: 16.6px;
  }
}

@media (min-width: 600px) {
  .dPNdVQ {
    padding: 0.33325rem;
  }
}

<h6
  className="sc-bdVaJa dPNdVQ"
>
  text
</h6>
`;
