// Jest Snapshot v1, https://goo.gl/fbAQLP

exports[`<MultiLogin /> MultiLogin match baseline snapshot 1`] = `
<styled.div
  loginSelected={true}
  registerSelected={false}
  resetSelected={false}
>
  <styled.form
    onSubmit={[Function]}
  >
    <styled.ul
      plainList={true}
    >
      <styled.li
        isActive={false}
        onClick={[Function]}
        onFocus={[Function]}
      >
        Register
      </styled.li>
      <styled.li
        isActive={true}
        onClick={[Function]}
        onFocus={[Function]}
      >
        Sign In
      </styled.li>
      <styled.li
        isActive={false}
        onClick={[Function]}
        onFocus={[Function]}
      >
        Reset
      </styled.li>
    </styled.ul>
    <styled.span
      loginSelected={true}
      registerSelected={false}
      resetSelected={false}
    />
    <styled.label
      for="user"
    >
      Enter account username or email
    </styled.label>
    <styled.input
      id="user"
      isHidden={false}
      name="user"
      placeholder="Email or Username"
      type="text"
    />
    <styled.label
      for="password"
    >
      Enter account password
    </styled.label>
    <styled.input
      disabled={false}
      id="password"
      isHidden={false}
      name="password"
      placeholder="Password"
      type="password"
    />
    <styled.label
      for="confirmPassword"
    >
      Confirm account password
    </styled.label>
    <styled.input
      disabled={true}
      id="confirmPassword"
      isHidden={true}
      name="confirmPassword"
      placeholder="Confirm Password"
      type="password"
    />
    <Styled(Button)
      plainButton={true}
      type="submit"
    >
      Sign In
    </Styled(Button)>
  </styled.form>
</styled.div>
`;

exports[`<MultiLogin /> MultiLogin.Form should match snapshot 1`] = `
<form
  className="jZnbiN"
/>
`;

exports[`<MultiLogin /> MultiLogin.Input should match snapshot 1`] = `
<input
  className="kaNKhN"
/>
`;

exports[`<MultiLogin /> MultiLogin.Label should match snapshot 1`] = `
<label
  className="eUACHg"
/>
`;

exports[`<MultiLogin /> MultiLogin.SelectList should match snapshot 1`] = `
<ul
  className="xohGk"
/>
`;

exports[`<MultiLogin /> MultiLogin.SelectListItem should match snapshot 1`] = `
<li
  className="fADOjW"
/>
`;

exports[`<MultiLogin /> MultiLogin.SelectedPointer should match snapshot 1`] = `
<span
  className="jnLSKQ"
/>
`;

exports[`<MultiLogin /> MultiLogin.SubmitButton should match snapshot 1`] = `
<Button
  bgColor="#4c81d6"
  bgColorHover="#fafafa"
  className="holueg"
  color="#fafafa"
  colorHover="#2e50dc"
  href=""
  onClick={false}
  plainButton={true}
  to=""
  type="submit"
>
  Submit
</Button>
`;

exports[`<MultiLogin /> MultiLogin.Wrapper should match snapshot 1`] = `
<div
  className="cyPnam"
/>
`;
