// Jest Snapshot v1, https://goo.gl/fbAQLP

exports[`<SessionSummaryPage /> should match baseline snapshot 1`] = `
<div>
  <HelmetWrapper
    encodeSpecialCharacters={true}
  >
    <title>
      Review Session Summary
    </title>
    <meta
      content="Kaniwani Review Session Summary"
      name="description"
    />
  </HelmetWrapper>
  <SessionSummaryHeader
    category="review"
    count={2}
    linkRoute="/reviews/"
  />
  <PageWrapper
    fullWidth={false}
    fullWidthBg={false}
  >
    <styled.div>
      <AccuracyBar
        color="purple"
        percent={24}
      />
      <ToggleVocabListType
        handleClick={[Function]}
        isExpanded={false}
      />
    </styled.div>
    <SummarySection
      isExpanded={false}
      items={
        Array [
          Object {
            "history": Object {
              "correct": 4,
              "incorrect": 6,
            },
            "id": 553,
            "meanings": Array [
              "before long",
              "soon",
            ],
            "readings": Array [
              Object {
                "character": "近々",
                "common": true,
                "id": 582,
                "jlpt": "JLPT N2",
                "kana": Array [
                  "ちかぢか",
                ],
                "level": 7,
                "sentenceEn": "When I saw them on a date, I asked them, “Do I hear wedding bells?”",
                "sentenceJa": "彼らがデートをしているのを見かけて近々結婚するのってきいたんだ",
                "tags": Array [
                  "Adverbial Noun",
                ],
              },
              Object {
                "character": "近々",
                "common": true,
                "id": 583,
                "jlpt": "JLPT N2",
                "kana": Array [
                  "きんきん",
                ],
                "level": 7,
                "sentenceEn": "When I saw them on a date, I asked them, “Do I hear wedding bells?”",
                "sentenceJa": "彼らがデートをしているのを見かけて近々結婚するのってきいたんだ",
                "tags": Array [
                  "Adverbial Noun",
                ],
              },
              Object {
                "character": "近々",
                "common": true,
                "id": 584,
                "jlpt": "JLPT N2",
                "kana": Array [
                  "ちかじか",
                ],
                "level": 7,
                "sentenceEn": "When I saw them on a date, I asked them, “Do I hear wedding bells?”",
                "sentenceJa": "彼らがデートをしているのを見かけて近々結婚するのってきいたんだ",
                "tags": Array [
                  "Adverbial Noun",
                ],
              },
              Object {
                "character": "軈て",
                "common": true,
                "id": 783,
                "jlpt": "JLPT N2",
                "kana": Array [
                  "やがて",
                ],
                "level": 61,
                "sentenceEn": "By and by he forgot that affair",
                "sentenceJa": "やがて彼はその事件のことを忘れた",
                "tags": Array [
                  "Adverb",
                ],
              },
            ],
            "session": Object {
              "correct": 12,
              "incorrect": 3,
              "streak": 6,
            },
            "synonyms": Array [
              Object {
                "character": "間もなく",
                "common": true,
                "id": 5582,
                "jlpt": "JLPT N2",
                "kana": Array [
                  "まもなく",
                ],
                "level": 22,
                "sentenceEn": "Coming up, Jiyuugaoka Station.",
                "sentenceJa": "間もなく、自由が丘駅",
                "tags": Array [
                  "Adverb",
                ],
              },
            ],
          },
          Object {
            "history": Object {
              "correct": 4,
              "incorrect": 6,
            },
            "id": 176,
            "meanings": Array [
              "young lady",
              "little girl",
              "maiden",
              "daughter",
              "girl",
            ],
            "readings": Array [
              Object {
                "character": "少女",
                "common": true,
                "id": 188,
                "jlpt": "JLPT N3",
                "kana": Array [
                  "しょうじょ",
                ],
                "level": 3,
                "sentenceEn": "I am touched by the girl's acute sensitivity.",
                "sentenceJa": "少女の鋭い感性に触れている",
                "tags": Array [
                  "Noun",
                ],
              },
              Object {
                "character": "少女",
                "common": true,
                "id": 189,
                "jlpt": "JLPT N3",
                "kana": Array [
                  "おとめ",
                ],
                "level": 3,
                "sentenceEn": "I am touched by the girl's acute sensitivity.",
                "sentenceJa": "少女の鋭い感性に触れている",
                "tags": Array [
                  "Noun",
                ],
              },
            ],
            "session": Object {
              "correct": 12,
              "incorrect": 3,
              "streak": 6,
            },
            "synonyms": Array [],
          },
          Object {
            "history": Object {
              "correct": 4,
              "incorrect": 6,
            },
            "id": 280,
            "meanings": Array [
              "young boy",
              "juvenile",
              "youth",
              "boy",
            ],
            "readings": Array [
              Object {
                "character": "少年",
                "common": true,
                "id": 298,
                "jlpt": "JLPT N3",
                "kana": Array [
                  "しょうねん",
                ],
                "level": 4,
                "sentenceEn": "The shy boy murmured his name.",
                "sentenceJa": "その内気な少年はぼそぼそと自分の名前をつぶやいた全ての少年少女はを知っています",
                "tags": Array [
                  "Noun",
                ],
              },
            ],
            "session": Object {
              "correct": 12,
              "incorrect": 3,
              "streak": 6,
            },
            "synonyms": Array [],
          },
          Object {
            "history": Object {
              "correct": 4,
              "incorrect": 6,
            },
            "id": 424,
            "meanings": Array [
              "whole life",
              "entire life",
              "a lifetime",
              "all through life",
              "one existence",
              "a generation",
              "an age",
            ],
            "readings": Array [
              Object {
                "character": "一生",
                "common": true,
                "id": 449,
                "jlpt": "JLPT N3",
                "kana": Array [
                  "いっしょう",
                ],
                "level": 5,
                "sentenceEn": "She worked hard.",
                "sentenceJa": "彼女は一生懸命働いた",
                "tags": Array [
                  "Noun",
                  "No adjective",
                ],
              },
            ],
            "session": Object {
              "correct": 12,
              "incorrect": 3,
              "streak": 6,
            },
            "synonyms": Array [],
          },
          Object {
            "history": Object {
              "correct": 4,
              "incorrect": 6,
            },
            "id": 502,
            "meanings": Array [
              "honest",
            ],
            "readings": Array [
              Object {
                "character": "正直",
                "common": true,
                "id": 529,
                "jlpt": "JLPT N3",
                "kana": Array [
                  "しょうじき",
                ],
                "level": 6,
                "sentenceEn": "Him, honest? What a joke!",
                "sentenceJa": "正直が聞いて呆れるよ",
                "tags": Array [
                  "Noun",
                  "Na adjective",
                ],
              },
            ],
            "session": Object {
              "correct": 12,
              "incorrect": 3,
              "streak": 6,
            },
            "synonyms": Array [],
          },
        ]
      }
      type="CORRECT"
    />
    <SummarySection
      isExpanded={false}
      items={
        Array [
          Object {
            "history": Object {
              "correct": 4,
              "incorrect": 6,
            },
            "id": 553,
            "meanings": Array [
              "before long",
              "soon",
            ],
            "readings": Array [
              Object {
                "character": "近々",
                "common": true,
                "id": 582,
                "jlpt": "JLPT N2",
                "kana": Array [
                  "ちかぢか",
                ],
                "level": 7,
                "sentenceEn": "When I saw them on a date, I asked them, “Do I hear wedding bells?”",
                "sentenceJa": "彼らがデートをしているのを見かけて近々結婚するのってきいたんだ",
                "tags": Array [
                  "Adverbial Noun",
                ],
              },
              Object {
                "character": "近々",
                "common": true,
                "id": 583,
                "jlpt": "JLPT N2",
                "kana": Array [
                  "きんきん",
                ],
                "level": 7,
                "sentenceEn": "When I saw them on a date, I asked them, “Do I hear wedding bells?”",
                "sentenceJa": "彼らがデートをしているのを見かけて近々結婚するのってきいたんだ",
                "tags": Array [
                  "Adverbial Noun",
                ],
              },
              Object {
                "character": "近々",
                "common": true,
                "id": 584,
                "jlpt": "JLPT N2",
                "kana": Array [
                  "ちかじか",
                ],
                "level": 7,
                "sentenceEn": "When I saw them on a date, I asked them, “Do I hear wedding bells?”",
                "sentenceJa": "彼らがデートをしているのを見かけて近々結婚するのってきいたんだ",
                "tags": Array [
                  "Adverbial Noun",
                ],
              },
              Object {
                "character": "軈て",
                "common": true,
                "id": 783,
                "jlpt": "JLPT N2",
                "kana": Array [
                  "やがて",
                ],
                "level": 61,
                "sentenceEn": "By and by he forgot that affair",
                "sentenceJa": "やがて彼はその事件のことを忘れた",
                "tags": Array [
                  "Adverb",
                ],
              },
            ],
            "session": Object {
              "correct": 12,
              "incorrect": 3,
              "streak": 6,
            },
            "synonyms": Array [
              Object {
                "character": "間もなく",
                "common": true,
                "id": 5582,
                "jlpt": "JLPT N2",
                "kana": Array [
                  "まもなく",
                ],
                "level": 22,
                "sentenceEn": "Coming up, Jiyuugaoka Station.",
                "sentenceJa": "間もなく、自由が丘駅",
                "tags": Array [
                  "Adverb",
                ],
              },
            ],
          },
          Object {
            "history": Object {
              "correct": 4,
              "incorrect": 6,
            },
            "id": 176,
            "meanings": Array [
              "young lady",
              "little girl",
              "maiden",
              "daughter",
              "girl",
            ],
            "readings": Array [
              Object {
                "character": "少女",
                "common": true,
                "id": 188,
                "jlpt": "JLPT N3",
                "kana": Array [
                  "しょうじょ",
                ],
                "level": 3,
                "sentenceEn": "I am touched by the girl's acute sensitivity.",
                "sentenceJa": "少女の鋭い感性に触れている",
                "tags": Array [
                  "Noun",
                ],
              },
              Object {
                "character": "少女",
                "common": true,
                "id": 189,
                "jlpt": "JLPT N3",
                "kana": Array [
                  "おとめ",
                ],
                "level": 3,
                "sentenceEn": "I am touched by the girl's acute sensitivity.",
                "sentenceJa": "少女の鋭い感性に触れている",
                "tags": Array [
                  "Noun",
                ],
              },
            ],
            "session": Object {
              "correct": 12,
              "incorrect": 3,
              "streak": 6,
            },
            "synonyms": Array [],
          },
          Object {
            "history": Object {
              "correct": 4,
              "incorrect": 6,
            },
            "id": 280,
            "meanings": Array [
              "young boy",
              "juvenile",
              "youth",
              "boy",
            ],
            "readings": Array [
              Object {
                "character": "少年",
                "common": true,
                "id": 298,
                "jlpt": "JLPT N3",
                "kana": Array [
                  "しょうねん",
                ],
                "level": 4,
                "sentenceEn": "The shy boy murmured his name.",
                "sentenceJa": "その内気な少年はぼそぼそと自分の名前をつぶやいた全ての少年少女はを知っています",
                "tags": Array [
                  "Noun",
                ],
              },
            ],
            "session": Object {
              "correct": 12,
              "incorrect": 3,
              "streak": 6,
            },
            "synonyms": Array [],
          },
          Object {
            "history": Object {
              "correct": 4,
              "incorrect": 6,
            },
            "id": 424,
            "meanings": Array [
              "whole life",
              "entire life",
              "a lifetime",
              "all through life",
              "one existence",
              "a generation",
              "an age",
            ],
            "readings": Array [
              Object {
                "character": "一生",
                "common": true,
                "id": 449,
                "jlpt": "JLPT N3",
                "kana": Array [
                  "いっしょう",
                ],
                "level": 5,
                "sentenceEn": "She worked hard.",
                "sentenceJa": "彼女は一生懸命働いた",
                "tags": Array [
                  "Noun",
                  "No adjective",
                ],
              },
            ],
            "session": Object {
              "correct": 12,
              "incorrect": 3,
              "streak": 6,
            },
            "synonyms": Array [],
          },
          Object {
            "history": Object {
              "correct": 4,
              "incorrect": 6,
            },
            "id": 502,
            "meanings": Array [
              "honest",
            ],
            "readings": Array [
              Object {
                "character": "正直",
                "common": true,
                "id": 529,
                "jlpt": "JLPT N3",
                "kana": Array [
                  "しょうじき",
                ],
                "level": 6,
                "sentenceEn": "Him, honest? What a joke!",
                "sentenceJa": "正直が聞いて呆れるよ",
                "tags": Array [
                  "Noun",
                  "Na adjective",
                ],
              },
            ],
            "session": Object {
              "correct": 12,
              "incorrect": 3,
              "streak": 6,
            },
            "synonyms": Array [],
          },
        ]
      }
      type="INCORRECT"
    />
    <SummarySection
      isExpanded={false}
      items={
        Array [
          Object {
            "history": Object {
              "correct": 4,
              "incorrect": 6,
            },
            "id": 553,
            "meanings": Array [
              "before long",
              "soon",
            ],
            "readings": Array [
              Object {
                "character": "近々",
                "common": true,
                "id": 582,
                "jlpt": "JLPT N2",
                "kana": Array [
                  "ちかぢか",
                ],
                "level": 7,
                "sentenceEn": "When I saw them on a date, I asked them, “Do I hear wedding bells?”",
                "sentenceJa": "彼らがデートをしているのを見かけて近々結婚するのってきいたんだ",
                "tags": Array [
                  "Adverbial Noun",
                ],
              },
              Object {
                "character": "近々",
                "common": true,
                "id": 583,
                "jlpt": "JLPT N2",
                "kana": Array [
                  "きんきん",
                ],
                "level": 7,
                "sentenceEn": "When I saw them on a date, I asked them, “Do I hear wedding bells?”",
                "sentenceJa": "彼らがデートをしているのを見かけて近々結婚するのってきいたんだ",
                "tags": Array [
                  "Adverbial Noun",
                ],
              },
              Object {
                "character": "近々",
                "common": true,
                "id": 584,
                "jlpt": "JLPT N2",
                "kana": Array [
                  "ちかじか",
                ],
                "level": 7,
                "sentenceEn": "When I saw them on a date, I asked them, “Do I hear wedding bells?”",
                "sentenceJa": "彼らがデートをしているのを見かけて近々結婚するのってきいたんだ",
                "tags": Array [
                  "Adverbial Noun",
                ],
              },
              Object {
                "character": "軈て",
                "common": true,
                "id": 783,
                "jlpt": "JLPT N2",
                "kana": Array [
                  "やがて",
                ],
                "level": 61,
                "sentenceEn": "By and by he forgot that affair",
                "sentenceJa": "やがて彼はその事件のことを忘れた",
                "tags": Array [
                  "Adverb",
                ],
              },
            ],
            "session": Object {
              "correct": 12,
              "incorrect": 3,
              "streak": 6,
            },
            "synonyms": Array [
              Object {
                "character": "間もなく",
                "common": true,
                "id": 5582,
                "jlpt": "JLPT N2",
                "kana": Array [
                  "まもなく",
                ],
                "level": 22,
                "sentenceEn": "Coming up, Jiyuugaoka Station.",
                "sentenceJa": "間もなく、自由が丘駅",
                "tags": Array [
                  "Adverb",
                ],
              },
            ],
          },
          Object {
            "history": Object {
              "correct": 4,
              "incorrect": 6,
            },
            "id": 176,
            "meanings": Array [
              "young lady",
              "little girl",
              "maiden",
              "daughter",
              "girl",
            ],
            "readings": Array [
              Object {
                "character": "少女",
                "common": true,
                "id": 188,
                "jlpt": "JLPT N3",
                "kana": Array [
                  "しょうじょ",
                ],
                "level": 3,
                "sentenceEn": "I am touched by the girl's acute sensitivity.",
                "sentenceJa": "少女の鋭い感性に触れている",
                "tags": Array [
                  "Noun",
                ],
              },
              Object {
                "character": "少女",
                "common": true,
                "id": 189,
                "jlpt": "JLPT N3",
                "kana": Array [
                  "おとめ",
                ],
                "level": 3,
                "sentenceEn": "I am touched by the girl's acute sensitivity.",
                "sentenceJa": "少女の鋭い感性に触れている",
                "tags": Array [
                  "Noun",
                ],
              },
            ],
            "session": Object {
              "correct": 12,
              "incorrect": 3,
              "streak": 6,
            },
            "synonyms": Array [],
          },
          Object {
            "history": Object {
              "correct": 4,
              "incorrect": 6,
            },
            "id": 280,
            "meanings": Array [
              "young boy",
              "juvenile",
              "youth",
              "boy",
            ],
            "readings": Array [
              Object {
                "character": "少年",
                "common": true,
                "id": 298,
                "jlpt": "JLPT N3",
                "kana": Array [
                  "しょうねん",
                ],
                "level": 4,
                "sentenceEn": "The shy boy murmured his name.",
                "sentenceJa": "その内気な少年はぼそぼそと自分の名前をつぶやいた全ての少年少女はを知っています",
                "tags": Array [
                  "Noun",
                ],
              },
            ],
            "session": Object {
              "correct": 12,
              "incorrect": 3,
              "streak": 6,
            },
            "synonyms": Array [],
          },
          Object {
            "history": Object {
              "correct": 4,
              "incorrect": 6,
            },
            "id": 424,
            "meanings": Array [
              "whole life",
              "entire life",
              "a lifetime",
              "all through life",
              "one existence",
              "a generation",
              "an age",
            ],
            "readings": Array [
              Object {
                "character": "一生",
                "common": true,
                "id": 449,
                "jlpt": "JLPT N3",
                "kana": Array [
                  "いっしょう",
                ],
                "level": 5,
                "sentenceEn": "She worked hard.",
                "sentenceJa": "彼女は一生懸命働いた",
                "tags": Array [
                  "Noun",
                  "No adjective",
                ],
              },
            ],
            "session": Object {
              "correct": 12,
              "incorrect": 3,
              "streak": 6,
            },
            "synonyms": Array [],
          },
          Object {
            "history": Object {
              "correct": 4,
              "incorrect": 6,
            },
            "id": 502,
            "meanings": Array [
              "honest",
            ],
            "readings": Array [
              Object {
                "character": "正直",
                "common": true,
                "id": 529,
                "jlpt": "JLPT N3",
                "kana": Array [
                  "しょうじき",
                ],
                "level": 6,
                "sentenceEn": "Him, honest? What a joke!",
                "sentenceJa": "正直が聞いて呆れるよ",
                "tags": Array [
                  "Noun",
                  "Na adjective",
                ],
              },
            ],
            "session": Object {
              "correct": 12,
              "incorrect": 3,
              "streak": 6,
            },
            "synonyms": Array [],
          },
        ]
      }
      type="CRITICAL"
    />
  </PageWrapper>
</div>
`;
