// Jest Snapshot v1, https://goo.gl/fbAQLP

exports[`<ReviewAnswerContainer /> should match baseline snapshot 1`] = `
<ReviewAnswer
  handleIgnore={[Function]}
  handleInput={[Function]}
  handleSubmit={[Function]}
  inputFieldRef={[Function]}
  inputFieldValue=""
  isCorrect={false}
  isDisabled={false}
  isFocused={false}
  isIncorrect={false}
  isMarked={false}
  isValid={true}
  streak="APPRENTICE"
/>
`;
