// Jest Snapshot v1, https://goo.gl/fbAQLP

exports[`<SearchBar /> should match baseline snapshot 1`] = `
<SearchBar>
  <styled.form
    onSubmit={[Function]}
  >
    <form
      className="gwgMSP"
      onSubmit={[Function]}
    >
      <styled.input
        lang="ja"
        onChange={[Function]}
        placeholder="意味, かな, 漢字"
        value=""
      >
        <input
          className="ivZsJg"
          lang="ja"
          onChange={[Function]}
          placeholder="意味, かな, 漢字"
          value=""
        />
      </styled.input>
      <Styled(IconButton)
        bgColor="blueLight"
        color="whiteLight"
        isSubmitting={false}
        name="SEARCH"
        size="1.125em"
        title="Search vocabulary for: "
        type="submit"
      >
        <IconButton
          bgColor="blueLight"
          className="hgnFap"
          color="whiteLight"
          disabled={false}
          handleClick={[Function]}
          isSubmitting={false}
          name="SEARCH"
          size="1.125em"
          title="Search vocabulary for: "
          type="submit"
        >
          <styled.button
            aria-label="Search vocabulary for: "
            bgColor="blueLight"
            className="hgnFap"
            disabled={false}
            isSubmitting={false}
            onClick={[Function]}
            title="Search vocabulary for: "
            type="submit"
          >
            <button
              aria-label="Search vocabulary for: "
              className="hgnFap jZIabh"
              disabled={false}
              onClick={[Function]}
              title="Search vocabulary for: "
              type="submit"
            >
              <Icon
                color="whiteLight"
                display="block"
                name="SEARCH"
                size="1.125em"
              >
                <styled.span
                  color="whiteLight"
                  display="block"
                  size="1.125em"
                >
                  <span
                    className="bfBBiq"
                    color="whiteLight"
                    display="block"
                    size="1.125em"
                  >
                    <styled.svg
                      height="100%"
                      preserveAspectRatio="xMidYMid meet"
                      title="SEARCH"
                      viewBox="0 0 24 24"
                      width="100%"
                    >
                      <svg
                        className="hfAVjD"
                        height="100%"
                        preserveAspectRatio="xMidYMid meet"
                        title="SEARCH"
                        viewBox="0 0 24 24"
                        width="100%"
                      >
                        <path
                          d="M15.5 14h-.79l-.28-.27C15.41 12.59 16 11.11 16 9.5 16 5.91 13.09 3 9.5 3S3 5.91 3 9.5 5.91 16 9.5 16c1.61 0 3.09-.59 4.23-1.57l.27.28v.79l5 4.99L20.49 19l-4.99-5zm-6 0C7.01 14 5 11.99 5 9.5S7.01 5 9.5 5 14 7.01 14 9.5 11.99 14 9.5 14z"
                        />
                      </svg>
                    </styled.svg>
                  </span>
                </styled.span>
              </Icon>
            </button>
          </styled.button>
        </IconButton>
      </Styled(IconButton)>
    </form>
  </styled.form>
</SearchBar>
`;
