// Jest Snapshot v1, https://goo.gl/fbAQLP

exports[`<VocabLevelsPage /> should match baseline snapshot 1`] = `
<div>
  <HelmetWrapper
    encodeSpecialCharacters={true}
  >
    <title>
      Vocabulary: Levels
    </title>
    <meta
      content="Kaniwani Vocabulary: Levels"
      name="description"
    />
  </HelmetWrapper>
  <SiteHeader
    routes={
      Array [
        Object {
          "count": 0,
          "isDisabled": false,
          "text": "lessons",
          "to": "/lesson",
        },
        Object {
          "count": 0,
          "isDisabled": false,
          "text": "reviews",
          "to": "/review",
        },
        Object {
          "text": "vocabulary",
          "to": "/vocabulary",
        },
        Object {
          "text": "settings",
          "to": "/settings",
        },
        Object {
          "text": "about",
          "to": "/about",
        },
        Object {
          "text": "logout",
          "to": "/logout",
        },
      ]
    }
  />
  <PageWrapper
    fullWidth={false}
    fullWidthBg={false}
  >
    <VocabPageHeader
      pageTitle="Vocabulary: Levels"
      withVocabListToggle={false}
    />
    <VocabLevelList
      handleLevelLock={[Function]}
      levels={
        Array [
          Object {
            "count": 113,
            "level": 31,
            "unlocked": false,
          },
          Object {
            "count": 111,
            "level": 32,
            "unlocked": false,
          },
          Object {
            "count": 103,
            "level": 33,
            "unlocked": false,
          },
          Object {
            "count": 124,
            "level": 34,
            "unlocked": false,
          },
          Object {
            "count": 100,
            "level": 35,
            "unlocked": false,
          },
          Object {
            "count": 98,
            "level": 36,
            "unlocked": false,
          },
          Object {
            "count": 112,
            "level": 37,
            "unlocked": false,
          },
          Object {
            "count": 100,
            "level": 38,
            "unlocked": false,
          },
        ]
      }
      userWKLevel={34}
    />
  </PageWrapper>
</div>
`;
