// Jest Snapshot v1, https://goo.gl/fbAQLP

exports[`<ReviewAnswer /> should match baseline snapshot 1`] = `
.bINbCN {
  display: inline-block;
  vertical-align: middle;
  -webkit-align-self: center;
  -ms-flex-item-align: center;
  align-self: center;
  position: relative;
  width: 1.15em;
  height: 1.15em;
  background-repeat: no-repeat;
  background-color: rgba(0, 0, 0, 0);
  color: currentColor;
}

.ckPGyL {
  display: block;
  vertical-align: middle;
  -webkit-align-self: center;
  -ms-flex-item-align: center;
  align-self: center;
  position: relative;
  width: 1.75em;
  height: 1.75em;
  background-repeat: no-repeat;
  background-color: rgba(0, 0, 0, 0);
  color: currentColor;
}

.jDcJbc {
  display: block;
  pointer-events: none;
  -webkit-transform-origin: 50% 50% 0px;
  -ms-transform-origin: 50% 50% 0px;
  transform-origin: 50% 50% 0px;
  position: absolute;
  top: 0;
  right: 0;
  bottom: 0;
  left: 0;
  fill: currentColor;
}

.ceoSLf {
  background: none;
  border: 0;
  color: inherit;
  font: inherit;
  line-height: normal;
  overflow: visible;
  padding: 0;
  -webkit-appearance: none;
  -moz-appearance: none;
  appearance: none;
  -webkit-user-select: none;
  -moz-user-select: none;
  -ms-user-select: none;
  -webkit-transition: all 250ms cubic-bezier(0.455,  0.030, 0.515, 0.955),-webkit-transform 100ms linear;
  -webkit-transition: all 250ms cubic-bezier(0.455,  0.030, 0.515, 0.955), transform 100ms linear;
  transition: all 250ms cubic-bezier(0.455,  0.030, 0.515, 0.955), transform 100ms linear;
  cursor: pointer;
  opacity: .7;
}

.ceoSLf::-moz-focus-inner,
.ceoSLf::-moz-focus-inner {
  border: 0;
  padding: 0;
}

.ceoSLf:not(:disabled):focus,
.ceoSLf:not(:disabled):hover {
  opacity: .9;
  outline: none;
}

.ceoSLf:not(:disabled):active {
  opacity: 1;
  -webkit-transform: scale(.9);
  -ms-transform: scale(.9);
  transform: scale(.9);
}

.ceoSLf:disabled {
  cursor: not-allowed;
}

.llxTce {
  position: relative;
  color: currentColor;
  background-color: #fafafa;
  -webkit-transition: all 150ms ease-in-out;
  transition: all 150ms ease-in-out;
  box-shadow: .1rem .1rem .1rem #e1e1e1;
}

.gEOOQT {
  font-size: 21px;
  position: relative;
  max-width: 100%;
  color: #3b3b3b;
  background-color: rgba(0, 0, 0, 0);
  margin: 0 0 .4rem;
  border: 0;
  border-radius: 0;
  outline: none;
  -webkit-appearance: none;
  -moz-appearance: none;
  appearance: none;
  z-index: 2;
}

.imdoJx {
  position: absolute;
  height: 1px !important;
  width: 1px !important;
  margin: -1px !important;
  clip: rect(0 0 0 0);
  outline: 0;
  overflow: hidden;
  border: 0;
  padding: 0;
  line-height: 0;
}

.gmdiXp {
  font-size: 21px;
  display: block;
  width: 100%;
  margin: 0;
  outline: none;
  border: 0;
  line-height: 1.75;
  -webkit-text-align: center;
  text-align: center;
  color: currentColor;
  box-shadow: inset 0 3px 20px -8px rgba(59, 59, 59, .25);
  background-color: inherit;
  padding-left: 30px;
  padding-right: 40px;
}

.gmdiXp:placeholder-shown::-webkit-input-placeholder {
  color: #d9d9d9;
}

.gmdiXp:placeholder-shown:-moz-placeholder {
  color: #d9d9d9;
}

.gmdiXp:placeholder-shown::-moz-placeholder {
  color: #d9d9d9;
}

.gmdiXp:placeholder-shown:-ms-input-placeholder {
  color: #d9d9d9;
}

.gmdiXp:focus {
  outline: none;
}

.gmdiXp::-ms-clear {
  display: none;
}

.kiFtDC {
  display: block;
  position: absolute;
  -webkit-transform: translateY(-50%);
  -ms-transform: translateY(-50%);
  transform: translateY(-50%);
  top: 50%;
  left: .35em;
}

.fQGDmA {
  display: -webkit-box;
  display: -webkit-flex;
  display: -ms-flexbox;
  display: flex;
  position: absolute;
  right: 0;
  top: 0;
  height: 100%;
}

.fhYyYB {
  height: 100%;
  -webkit-align-self: center;
  -ms-flex-item-align: center;
  align-self: center;
  color: currentColor;
  background-color: rgba(0, 0, 0, 0);
}

.fhYyYB:hover {
  opacity: 1;
}

@media (min-width: 300px) and (max-width: 2000px) {
  .gEOOQT {
    font-size: calc(21px + (44 - 21) * ( (100vw - 300px) / ( 2000 - 300) ));
  }
}

@media (min-width: 2000px) {
  .gEOOQT {
    font-size: 44px;
  }
}

@media (min-width: 600px) {
  .gEOOQT {
    margin: .4rem;
  }
}

@media (min-width: 300px) and (max-width: 2000px) {
  .gmdiXp {
    font-size: calc(21px + (44 - 21) * ( (100vw - 300px) / ( 2000 - 300) ));
  }
}

@media (min-width: 2000px) {
  .gmdiXp {
    font-size: 44px;
  }
}

<ReviewAnswer
  handleIgnore={[Function]}
  handleInput={[Function]}
  handleSubmit={[Function]}
  inputFieldRef={[Function]}
  inputFieldValue="正解"
  isCorrect={false}
  isDisabled={false}
  isFocused={false}
  isIncorrect={false}
  isMarked={false}
  isValid={true}
  streak="APPRENTICE"
>
  <styled.form
    correct={false}
    incorrect={false}
    marked={false}
    onSubmit={[Function]}
    tabIndex={-1}
    valid={true}
  >
    <form
      className="sc-ifAKCX gEOOQT"
      onSubmit={[Function]}
      tabIndex={-1}
    >
      <styled.div
        correct={false}
        incorrect={false}
        marked={false}
        valid={true}
      >
        <div
          className="sc-bxivhb llxTce"
        >
          <Styled(Icon)
            name="APPRENTICE"
            size="1.15em"
            title="Apprentice"
          >
            <Icon
              className="sc-gzVnrw kiFtDC"
              color="currentColor"
              display="inline-block"
              name="APPRENTICE"
              size="1.15em"
              title="Apprentice"
            >
              <styled.span
                className="sc-gzVnrw kiFtDC"
                color="currentColor"
                display="inline-block"
                size="1.15em"
                title="Apprentice"
              >
                <span
                  className="sc-gzVnrw kiFtDC sc-bdVaJa bINbCN"
                  color="currentColor"
                  display="inline-block"
                  size="1.15em"
                  title="Apprentice"
                >
                  <styled.svg
                    height="100%"
                    preserveAspectRatio="xMidYMid meet"
                    title="APPRENTICE"
                    viewBox="0 0 24 24"
                    width="100%"
                  >
                    <svg
                      className="sc-bwzfXH jDcJbc"
                      height="100%"
                      preserveAspectRatio="xMidYMid meet"
                      title="APPRENTICE"
                      viewBox="0 0 24 24"
                      width="100%"
                    >
                      <path
                        d="M10.41 1.125c1.743-.265 3.53-.11 5.185.463 2.096.73 3.972 2.118 5.295 3.906 1.103 1.523 1.83 3.332 2.03 5.208.287 2.295-.176 4.7-1.346 6.708-1.17 2.096-3.023 3.773-5.23 4.7-2.228.97-4.787 1.147-7.148.53-2.36-.62-4.478-2.05-5.956-3.99-1.28-1.66-2.052-3.71-2.206-5.81-.177-2.42.44-4.896 1.787-6.904 1.7-2.582 4.53-4.39 7.6-4.81zM8.598 6.068c-.86.905-1.413 2.052-1.743 3.244-.354 1.388-.376 2.848-.11 4.258.308 1.434.97 2.846 2.03 3.884.727.728 1.676 1.28 2.713 1.39 1.147.176 2.34-.22 3.243-.905 1.33-1.02 2.17-2.56 2.54-4.15.47-2.14.22-4.48-.84-6.42-.48-.8-1.1-1.57-1.87-2.1s-1.7-.82-2.62-.8c-1.28.02-2.47.66-3.332 1.59zm.287 1.964c.662-1.037 1.83-1.677 3.023-1.92-.86.53-1.59 1.258-2.162 2.096-.64.993-1.08 2.074-1.434 3.177l-.088.066c-.11-1.16 0-2.42.66-3.42z"
                      />
                    </svg>
                  </styled.svg>
                </span>
              </styled.span>
            </Icon>
          </Styled(Icon)>
          <styled.label
            htmlFor="userAnswer"
          >
            <label
              className="sc-EHOje imdoJx"
              htmlFor="userAnswer"
            >
              Vocabulary reading
            </label>
          </styled.label>
          <styled.input
            autoCapitalize="off"
            autoComplete="off"
            autoCorrect="off"
            autoFocus={true}
            disabled={false}
            focus={false}
            id="userAnswer"
            innerRef={[Function]}
            lang="ja"
            marked={false}
            onChange={[Function]}
            placeholder="答え"
            spellCheck="false"
            type="text"
            value="正解"
          >
            <input
              autoCapitalize="off"
              autoComplete="off"
              autoCorrect="off"
              autoFocus={true}
              className="sc-bZQynM gmdiXp"
              disabled={false}
              id="userAnswer"
              lang="ja"
              onChange={[Function]}
              placeholder="答え"
              spellCheck="false"
              type="text"
              value="正解"
            />
          </styled.input>
          <styled.div>
            <div
              className="sc-htoDjs fQGDmA"
            >
              <Styled(IconButton)
                handleClick={[Function]}
                name="ARROW_RIGHT"
                size="1.75em"
                title="Submit answer"
                type="submit"
              >
                <IconButton
                  className="sc-dnqmqq fhYyYB"
                  color="currentColor"
                  disabled={false}
                  handleClick={[Function]}
                  name="ARROW_RIGHT"
                  size="1.75em"
                  title="Submit answer"
                  type="submit"
                >
                  <styled.button
                    aria-label="Submit answer"
                    className="sc-dnqmqq fhYyYB"
                    disabled={false}
                    onClick={[Function]}
                    title="Submit answer"
                    type="submit"
                  >
                    <button
                      aria-label="Submit answer"
                      className="sc-dnqmqq fhYyYB sc-htpNat ceoSLf"
                      disabled={false}
                      onClick={[Function]}
                      title="Submit answer"
                      type="submit"
                    >
                      <Icon
                        color="currentColor"
                        display="block"
                        name="ARROW_RIGHT"
                        size="1.75em"
                      >
                        <styled.span
                          color="currentColor"
                          display="block"
                          size="1.75em"
                        >
                          <span
                            className="sc-bdVaJa ckPGyL"
                            color="currentColor"
                            display="block"
                            size="1.75em"
                          >
                            <styled.svg
                              height="100%"
                              preserveAspectRatio="xMidYMid meet"
                              title="ARROW_RIGHT"
                              viewBox="0 0 24 24"
                              width="100%"
                            >
                              <svg
                                className="sc-bwzfXH jDcJbc"
                                height="100%"
                                preserveAspectRatio="xMidYMid meet"
                                title="ARROW_RIGHT"
                                viewBox="0 0 24 24"
                                width="100%"
                              >
                                <path
                                  d="M8.59 16.34l4.58-4.59-4.58-4.59L10 5.75l6 6-6 6z"
                                />
                              </svg>
                            </styled.svg>
                          </span>
                        </styled.span>
                      </Icon>
                    </button>
                  </styled.button>
                </IconButton>
              </Styled(IconButton)>
            </div>
          </styled.div>
        </div>
      </styled.div>
    </form>
  </styled.form>
</ReviewAnswer>
`;
