// Jest Snapshot v1, https://goo.gl/fbAQLP

exports[`<H5 /> should match styling snapshot 1`] = `
.eSbGZf {
  font-size: 15.3px;
  padding: 0.28125rem;
  margin-top: 0;
  margin-bottom: 0;
  line-height: 1.2;
  -webkit-letter-spacing: -1px;
  -moz-letter-spacing: -1px;
  -ms-letter-spacing: -1px;
  letter-spacing: -1px;
}

.eSbGZf:not(:first-of-type) {
  margin-top: 0.3999em;
  margin-bottom: 0;
}

@media (min-width: 600px) and (max-width: 1800px) {
  .eSbGZf {
    font-size: calc(15.3px + (17.4 - 15.3) * ( (100vw - 600px) / ( 1800 - 600) ));
  }
}

@media (min-width: 1800px) {
  .eSbGZf {
    font-size: 17.4px;
  }
}

@media (min-width: 600px) {
  .eSbGZf {
    padding: 0.33325rem;
  }
}

<h5
  className="sc-bdVaJa eSbGZf"
>
  text
</h5>
`;
