// Jest Snapshot v1, https://goo.gl/fbAQLP

exports[`<List /> should render the items 1`] = `
<ul
  class="lmKKkx"
>
  <li
    class="cdfauB"
  >
    <div
      class="DCQFd"
    >
      Hello
    </div>
  </li>
  <li
    class="cdfauB"
  >
    <div
      class="DCQFd"
    >
      World
    </div>
  </li>
</ul>
`;
