// Jest Snapshot v1, https://goo.gl/fbAQLP

exports[`<VocabPageHeader /> should match baseline snapshot 1`] = `
<styled.div>
  <styled.div>
    <styled.h1>
      Vocabulary &gt; Levels &gt; 24
    </styled.h1>
  </styled.div>
  <styled.div>
    <SearchBar />
    <ToggleVocabListButton
      handleClick={[Function]}
      isExpanded={false}
    />
  </styled.div>
</styled.div>
`;
