// Jest Snapshot v1, https://goo.gl/fbAQLP

exports[`<LandingPage /> should match baseline snapshot 1`] = `
<LandingPage>
  <Styled(Container)
    fullWidth={true}
  >
    <Container
      alignContent=""
      alignItems=""
      alignSelf=""
      className="cUPlXl"
      flex=""
      flexCenter={false}
      flexColumn={false}
      flexDisplay=""
      flexRow={false}
      flexWrap={false}
      fullWidth={true}
      justifyContent=""
      marginTop=""
      tag="div"
      textAlign=""
      withPadding={true}
    >
      <Styled(Component)
        alignContent=""
        alignItems=""
        alignSelf=""
        className="cUPlXl"
        flex=""
        flexCenter={false}
        flexColumn={false}
        flexDisplay=""
        flexRow={false}
        flexWrap={false}
        fullWidth={true}
        justifyContent=""
        marginTop=""
        tag="div"
        textAlign=""
        withPadding={true}
      >
        <Component
          alignContent=""
          alignItems=""
          alignSelf=""
          className="cUPlXl iINiFg"
          flex=""
          flexCenter={false}
          flexColumn={false}
          flexDisplay=""
          flexRow={false}
          flexWrap={false}
          fullWidth={true}
          justifyContent=""
          marginTop=""
          tag="div"
          textAlign=""
          withPadding={true}
        >
          <div
            className="cUPlXl iINiFg"
            fullWidth={true}
          >
            <styled.h1>
              <h1
                className="eeCmJx"
              >
                KaniWani
              </h1>
            </styled.h1>
            <MultiLogin>
              <styled.form
                onSubmit={[Function]}
              >
                <form
                  className="loHeoW"
                  onSubmit={[Function]}
                >
                  <styled.ul
                    plainList={true}
                  >
                    <ul
                      className="bBCwcC"
                    >
                      <styled.li
                        isActive={false}
                        onClick={[Function]}
                      >
                        <li
                          className="kaxAAA"
                          onClick={[Function]}
                        >
                          Register
                        </li>
                      </styled.li>
                      <styled.li
                        isActive={true}
                        onClick={[Function]}
                      >
                        <li
                          className="hAnbxM"
                          onClick={[Function]}
                        >
                          Login
                        </li>
                      </styled.li>
                      <styled.li
                        isActive={false}
                        onClick={[Function]}
                      >
                        <li
                          className="kaxAAA"
                          onClick={[Function]}
                        >
                          Reset
                        </li>
                      </styled.li>
                    </ul>
                  </styled.ul>
                  <styled.span
                    position={false}
                  >
                    <span
                      className="jNxzlX"
                    />
                  </styled.span>
                  <styled.label
                    for="user"
                  >
                    <label
                      className="eUACHg"
                    >
                      Enter account 
                      email or username
                    </label>
                  </styled.label>
                  <Input
                    autoFocus={true}
                    innerRef={[Function]}
                    isVisible={true}
                    name="user"
                    placeholder="Email or Username"
                    type="text"
                  >
                    <styled.input
                      autoCapitalize="off"
                      autoComplete="on"
                      autoCorrect="off"
                      autoFocus={true}
                      disabled={false}
                      id="user"
                      innerRef={[Function]}
                      isVisible={true}
                      name="user"
                      placeholder="Email or Username"
                      spellCheck="false"
                      type="text"
                    >
                      <input
                        autoCapitalize="off"
                        autoComplete="on"
                        autoCorrect="off"
                        autoFocus={true}
                        className="jZCMeN"
                        disabled={false}
                        id="user"
                        name="user"
                        placeholder="Email or Username"
                        spellCheck="false"
                        type="text"
                      />
                    </styled.input>
                  </Input>
                  <styled.label
                    for="password"
                  >
                    <label
                      className="eUACHg"
                    >
                      Enter account password
                    </label>
                  </styled.label>
                  <Input
                    isVisible={true}
                    name="password"
                    placeholder="Password"
                    type="password"
                  >
                    <styled.input
                      autoCapitalize="off"
                      autoComplete="on"
                      autoCorrect="off"
                      disabled={false}
                      id="password"
                      isVisible={true}
                      name="password"
                      placeholder="Password"
                      spellCheck="false"
                      type="password"
                    >
                      <input
                        autoCapitalize="off"
                        autoComplete="on"
                        autoCorrect="off"
                        className="jZCMeN"
                        disabled={false}
                        id="password"
                        name="password"
                        placeholder="Password"
                        spellCheck="false"
                        type="password"
                      />
                    </styled.input>
                  </Input>
                  <styled.label
                    for="confirmPassword"
                  >
                    <label
                      className="eUACHg"
                    >
                      Confirm account password
                    </label>
                  </styled.label>
                  <Input
                    isVisible={false}
                    name="confirmPassword"
                    placeholder="Confirm Password"
                    type="password"
                  >
                    <styled.input
                      autoCapitalize="off"
                      autoComplete="on"
                      autoCorrect="off"
                      disabled={true}
                      id="confirmPassword"
                      isVisible={false}
                      name="confirmPassword"
                      placeholder="Confirm Password"
                      spellCheck="false"
                      type="password"
                    >
                      <input
                        autoCapitalize="off"
                        autoComplete="on"
                        autoCorrect="off"
                        className="betTWj"
                        disabled={true}
                        id="confirmPassword"
                        name="confirmPassword"
                        placeholder="Confirm Password"
                        spellCheck="false"
                        type="password"
                      />
                    </styled.input>
                  </Input>
                  <styled.label
                    for="apiKey"
                  >
                    <label
                      className="eUACHg"
                    >
                      Enter WaniKani API key
                    </label>
                  </styled.label>
                  <Input
                    isVisible={false}
                    name="apiKey"
                    placeholder="WaniKani API key"
                    type="text"
                  >
                    <styled.input
                      autoCapitalize="off"
                      autoComplete="on"
                      autoCorrect="off"
                      disabled={true}
                      id="apiKey"
                      isVisible={false}
                      name="apiKey"
                      placeholder="WaniKani API key"
                      spellCheck="false"
                      type="text"
                    >
                      <input
                        autoCapitalize="off"
                        autoComplete="on"
                        autoCorrect="off"
                        className="betTWj"
                        disabled={true}
                        id="apiKey"
                        name="apiKey"
                        placeholder="WaniKani API key"
                        spellCheck="false"
                        type="text"
                      />
                    </styled.input>
                  </Input>
                  <styled.button
                    type="submit"
                  >
                    <button
                      className="lejRaL"
                      type="submit"
                    >
                      行こう
                    </button>
                  </styled.button>
                </form>
              </styled.form>
            </MultiLogin>
            <styled.div>
              <div
                className="hhSXLu"
              />
            </styled.div>
          </div>
        </Component>
      </Styled(Component)>
    </Container>
  </Styled(Container)>
</LandingPage>
`;
