// Jest Snapshot v1, https://goo.gl/fbAQLP

exports[`<LandingPage /> should match baseline snapshot 1`] = `
<LandingPage>
  <Styled(PageWrapper)
    fullWidth={true}
  >
    <PageWrapper
      className="jUaApw"
      fullWidth={true}
      fullWidthBg={false}
      tag="div"
    >
      <Styled(Component)
        className="jUaApw"
        fullWidth={true}
        fullWidthBg={false}
        tag="div"
      >
        <Component
          className="jUaApw juuvqD"
          fullWidth={true}
          fullWidthBg={false}
          tag="div"
        >
          <div
            className="jUaApw juuvqD"
          >
            <styled.h1>
              <h1
                className="iHqYsg"
              >
                KaniWani
              </h1>
            </styled.h1>
            <MultiLogin>
              <styled.form
                onSubmit={[Function]}
              >
                <form
                  className="jgVQpr"
                  onSubmit={[Function]}
                >
                  <styled.ul
                    plainList={true}
                  >
                    <ul
                      className="bBCwcC"
                    >
                      <styled.li
                        isActive={false}
                        onClick={[Function]}
                      >
                        <li
                          className="kaxAAA"
                          onClick={[Function]}
                        >
                          Register
                        </li>
                      </styled.li>
                      <styled.li
                        isActive={true}
                        onClick={[Function]}
                      >
                        <li
                          className="bLjVnh"
                          onClick={[Function]}
                        >
                          Login
                        </li>
                      </styled.li>
                      <styled.li
                        isActive={false}
                        onClick={[Function]}
                      >
                        <li
                          className="kaxAAA"
                          onClick={[Function]}
                        >
                          Reset
                        </li>
                      </styled.li>
                    </ul>
                  </styled.ul>
                  <styled.span
                    position={false}
                  >
                    <span
                      className="iWKBA"
                    />
                  </styled.span>
                  <styled.label
                    for="user"
                  >
                    <label
                      className="eUACHg"
                    >
                      Enter 
                      Email or Username
                    </label>
                  </styled.label>
                  <Input
                    autoFocus={true}
                    innerRef={[Function]}
                    isHidden={false}
                    name="user"
                    placeholder="Email or Username"
                    type="text"
                  >
                    <styled.input
                      aria-hidden={false}
                      autoCapitalize="off"
                      autoComplete="on"
                      autoCorrect="off"
                      autoFocus={true}
                      disabled={false}
                      id="user"
                      innerRef={[Function]}
                      name="user"
                      placeholder="Email or Username"
                      spellCheck="false"
                      type="text"
                    >
                      <input
                        aria-hidden={false}
                        autoCapitalize="off"
                        autoComplete="on"
                        autoCorrect="off"
                        autoFocus={true}
                        className="cbyRRt"
                        disabled={false}
                        id="user"
                        name="user"
                        placeholder="Email or Username"
                        spellCheck="false"
                        type="text"
                      />
                    </styled.input>
                  </Input>
                  <styled.label
                    for="email"
                  >
                    <label
                      className="eUACHg"
                    >
                      Enter email
                    </label>
                  </styled.label>
                  <Input
                    innerRef={[Function]}
                    isHidden={true}
                    name="email"
                    placeholder="Email"
                    type="email"
                  >
                    <styled.input
                      aria-hidden={true}
                      autoCapitalize="off"
                      autoComplete="on"
                      autoCorrect="off"
                      disabled={true}
                      id="email"
                      innerRef={[Function]}
                      name="email"
                      placeholder="Email"
                      spellCheck="false"
                      type="email"
                    >
                      <input
                        aria-hidden={true}
                        autoCapitalize="off"
                        autoComplete="on"
                        autoCorrect="off"
                        className="cbyRRt"
                        disabled={true}
                        id="email"
                        name="email"
                        placeholder="Email"
                        spellCheck="false"
                        type="email"
                      />
                    </styled.input>
                  </Input>
                  <styled.label
                    for="password"
                  >
                    <label
                      className="eUACHg"
                    >
                      Enter account password
                    </label>
                  </styled.label>
                  <Input
                    isHidden={false}
                    name="password"
                    placeholder="Password"
                    type="password"
                  >
                    <styled.input
                      aria-hidden={false}
                      autoCapitalize="off"
                      autoComplete="on"
                      autoCorrect="off"
                      disabled={false}
                      id="password"
                      name="password"
                      placeholder="Password"
                      spellCheck="false"
                      type="password"
                    >
                      <input
                        aria-hidden={false}
                        autoCapitalize="off"
                        autoComplete="on"
                        autoCorrect="off"
                        className="cbyRRt"
                        disabled={false}
                        id="password"
                        name="password"
                        placeholder="Password"
                        spellCheck="false"
                        type="password"
                      />
                    </styled.input>
                  </Input>
                  <styled.label
                    for="confirmPassword"
                  >
                    <label
                      className="eUACHg"
                    >
                      Confirm account password
                    </label>
                  </styled.label>
                  <Input
                    isHidden={true}
                    name="confirmPassword"
                    placeholder="Confirm Password"
                    type="password"
                  >
                    <styled.input
                      aria-hidden={true}
                      autoCapitalize="off"
                      autoComplete="on"
                      autoCorrect="off"
                      disabled={true}
                      id="confirmPassword"
                      name="confirmPassword"
                      placeholder="Confirm Password"
                      spellCheck="false"
                      type="password"
                    >
                      <input
                        aria-hidden={true}
                        autoCapitalize="off"
                        autoComplete="on"
                        autoCorrect="off"
                        className="cbyRRt"
                        disabled={true}
                        id="confirmPassword"
                        name="confirmPassword"
                        placeholder="Confirm Password"
                        spellCheck="false"
                        type="password"
                      />
                    </styled.input>
                  </Input>
                  <styled.label
                    for="apiKey"
                  >
                    <label
                      className="eUACHg"
                    >
                      Enter WaniKani API key
                    </label>
                  </styled.label>
                  <Input
                    isHidden={true}
                    name="apiKey"
                    placeholder="WaniKani API key"
                    type="text"
                  >
                    <styled.input
                      aria-hidden={true}
                      autoCapitalize="off"
                      autoComplete="on"
                      autoCorrect="off"
                      disabled={true}
                      id="apiKey"
                      name="apiKey"
                      placeholder="WaniKani API key"
                      spellCheck="false"
                      type="text"
                    >
                      <input
                        aria-hidden={true}
                        autoCapitalize="off"
                        autoComplete="on"
                        autoCorrect="off"
                        className="cbyRRt"
                        disabled={true}
                        id="apiKey"
                        name="apiKey"
                        placeholder="WaniKani API key"
                        spellCheck="false"
                        type="text"
                      />
                    </styled.input>
                  </Input>
                  <styled.button
                    type="submit"
                  >
                    <button
                      className="lejRaL"
                      type="submit"
                    >
                      行こう
                    </button>
                  </styled.button>
                </form>
              </styled.form>
            </MultiLogin>
            <styled.div>
              <div
                className="cQXbBu"
              />
            </styled.div>
          </div>
        </Component>
      </Styled(Component)>
    </PageWrapper>
  </Styled(PageWrapper)>
</LandingPage>
`;
