// Jest Snapshot v1, https://goo.gl/fbAQLP

exports[`<ScrollToTop /> should match the baseline snapshot 1`] = `
<styled.button
  className=""
  onClick={[Function]}
  type="button"
>
  <Icon
    color="white"
    display="inline-block"
    name="ARROW_UP"
    preserveAspectRatio="xMidYMid meet"
    size="2.5rem"
  />
</styled.button>
`;
