// Jest Snapshot v1, https://goo.gl/fbAQLP

exports[`<SentencePair /> should match baseline snapshot 1`] = `
<div
  class="sc-EHOje ebYxOW"
>
  <p
    class="sc-bZQynM bTjbra sc-bxivhb bnhDjc"
    lang="ja"
  >
    <a
      class="sc-bwzfXH dcrzcy"
      href="http://jisho.org/search/今月は売上が落ちた"
      rel="external noopener noreferrer"
      target="_blank"
      title="Deconstruct sentence at Jisho.org"
    >
      <span>
        今月は
      </span>
      <mark
        class="sc-gzVnrw cEcPpo sc-ifAKCX ewknst"
        color="inherit"
      >
        売上
      </mark>
      <span>
        が落ちた
      </span>
    </a>
  </p>
  <p
    class="sc-bZQynM bTjbra sc-bxivhb bnhDjc"
  >
    Sales are down this month.
  </p>
</div>
`;
