// Jest Snapshot v1, https://goo.gl/fbAQLP

exports[`groupByRank() should group entries under named srs ranks 1`] = `
Object {
  "APPRENTICE": Array [
    0,
    1,
    2,
    3,
    4,
    5,
    6,
    7,
    8,
    9,
  ],
  "BURNED": Array [
    18,
    19,
    20,
    21,
    22,
    23,
    24,
  ],
  "ENLIGHTENED": Array [
    16,
    17,
  ],
  "GURU": Array [
    10,
    11,
    12,
    13,
  ],
  "MASTER": Array [
    14,
    15,
  ],
}
`;

exports[`groupByRank() should group entries under named srs ranks 2`] = `10`;

exports[`groupByRank() should group entries under named srs ranks 3`] = `4`;

exports[`groupByRank() should group entries under named srs ranks 4`] = `2`;

exports[`groupByRank() should group entries under named srs ranks 5`] = `2`;

exports[`groupByRank() should group entries under named srs ranks 6`] = `7`;

exports[`groupByRank() should have a safe default 1`] = `
Object {
  "APPRENTICE": Array [],
  "BURNED": Array [],
  "ENLIGHTENED": Array [],
  "GURU": Array [],
  "MASTER": Array [],
}
`;
