// Jest Snapshot v1, https://goo.gl/fbAQLP

exports[`<HomePage /> should match the baseline snapshot 1`] = `
<h1>
  Hello HomePage
  <label
    htmlFor="derp"
  >
    toggle me
    <ToggleSwitch
      handleChange={[Function]}
      height="2rem"
      id="derp"
      isChecked={false}
      name="derp"
      toggleOffColor="red"
      toggleOnColor="green"
      width="6rem"
    />
  </label>
</h1>
`;
