// Jest Snapshot v1, https://goo.gl/fbAQLP

exports[`<HomePage /> should match the baseline snapshot 1`] = `
<div>
  <VocabEntryDetail
    entry={
      Object {
        "history": Object {
          "correct": 0,
          "incorrect": 2,
        },
        "id": 553,
        "meanings": Array [
          "before long",
          "soon",
        ],
        "readings": Array [
          Object {
            "character": "近々",
            "common": true,
            "id": 582,
            "jlpt": "JLPT N2",
            "kana": Array [
              "ちかぢか",
            ],
            "level": 7,
            "sentenceEn": "When I saw them on a date, I asked them, “Do I hear wedding bells?”",
            "sentenceJa": "彼らがデートをしているのを見かけて近々結婚するのってきいたんだ",
            "tags": Array [
              "Adverbial Noun",
            ],
          },
          Object {
            "character": "近々",
            "common": true,
            "id": 583,
            "jlpt": "JLPT N2",
            "kana": Array [
              "きんきん",
            ],
            "level": 7,
            "sentenceEn": "When I saw them on a date, I asked them, “Do I hear wedding bells?”",
            "sentenceJa": "彼らがデートをしているのを見かけて近々結婚するのってきいたんだ",
            "tags": Array [
              "Adverbial Noun",
            ],
          },
          Object {
            "character": "近々",
            "common": true,
            "id": 584,
            "jlpt": "JLPT N2",
            "kana": Array [
              "ちかじか",
            ],
            "level": 7,
            "sentenceEn": "When I saw them on a date, I asked them, “Do I hear wedding bells?”",
            "sentenceJa": "彼らがデートをしているのを見かけて近々結婚するのってきいたんだ",
            "tags": Array [
              "Adverbial Noun",
            ],
          },
          Object {
            "character": "軈て",
            "common": true,
            "id": 783,
            "jlpt": "JLPT N2",
            "kana": Array [
              "やがて",
            ],
            "level": 61,
            "sentenceEn": "By and by he forgot that affair",
            "sentenceJa": "やがて彼はその事件のことを忘れた",
            "tags": Array [
              "Adverb",
            ],
          },
        ],
        "session": Object {
          "correct": 9,
          "incorrect": 5,
          "streak": 8,
        },
        "synonyms": Array [
          Object {
            "character": "間もなく",
            "common": true,
            "id": 5582,
            "jlpt": "JLPT N2",
            "kana": Array [
              "まもなく",
            ],
            "level": 22,
            "sentenceEn": "Coming up, Jiyuugaoka Station.",
            "sentenceJa": "間もなく、自由が丘駅",
            "tags": Array [
              "Adverb",
            ],
          },
        ],
      }
    }
    primaryReading={
      Object {
        "character": "近々",
        "common": true,
        "id": 582,
        "jlpt": "JLPT N2",
        "kana": Array [
          "ちかぢか",
        ],
        "level": 7,
        "sentenceEn": "When I saw them on a date, I asked them, “Do I hear wedding bells?”",
        "sentenceJa": "彼らがデートをしているのを見かけて近々結婚するのってきいたんだ",
        "tags": Array [
          "Adverbial Noun",
        ],
      }
    }
  />
</div>
`;
