// Jest Snapshot v1, https://goo.gl/fbAQLP

exports[`<Element /> should match baseline snapshot 1`] = `
<Element
  alignContent=""
  alignItems=""
  alignSelf=""
  flex=""
  flexCenter={false}
  flexColumn={false}
  flexDisplay=""
  flexRow={false}
  flexWrap={false}
  fullRow={false}
  justifyContent=""
  textAlign=""
>
  <styled.div
    alignContent=""
    alignItems=""
    alignSelf=""
    flex=""
    flexCenter={false}
    flexColumn={false}
    flexDisplay=""
    flexRow={false}
    flexWrap={false}
    fullRow={false}
    justifyContent=""
    textAlign=""
  >
    <div
      className="sc-bdVaJa kEHcfi"
    >
      text
    </div>
  </styled.div>
</Element>
`;
