// Jest Snapshot v1, https://goo.gl/fbAQLP

exports[`<Element /> should match baseline snapshot 1`] = `
<Element
  alignContent=""
  alignItems=""
  alignSelf=""
  flex=""
  flexCenter={false}
  flexColumn={false}
  flexDisplay=""
  flexRow={false}
  flexWrap={false}
  fullRow={false}
  justifyContent=""
  tag="div"
  textAlign=""
>
  <Styled(Component)
    alignContent=""
    alignItems=""
    alignSelf=""
    flex=""
    flexCenter={false}
    flexColumn={false}
    flexDisplay=""
    flexRow={false}
    flexWrap={false}
    fullRow={false}
    justifyContent=""
    tag="div"
    textAlign=""
  >
    <Component
      alignContent=""
      alignItems=""
      alignSelf=""
      className="chnckK"
      flex=""
      flexCenter={false}
      flexColumn={false}
      flexDisplay=""
      flexRow={false}
      flexWrap={false}
      fullRow={false}
      justifyContent=""
      tag="div"
      textAlign=""
    >
      <div
        className="chnckK"
      >
        text
      </div>
    </Component>
  </Styled(Component)>
</Element>
`;
